 ModernCpp

 Timestamp is 64080316 (Wed Mar  8 09:07:58 2023)

 Preferred load address is 00400000

 Start         Length     Name                   Class
 0001:00000000 00010000H .textbss                DATA
 0002:00000000 0000a010H .text$mn                CODE
 0002:0000a010 0000144dH .text$x                 CODE
 0003:00000000 00000104H .CRT$XCA                DATA
 0003:00000104 00000104H .CRT$XCAA               DATA
 0003:00000208 00000104H .CRT$XCZ                DATA
 0003:0000030c 00000104H .CRT$XIA                DATA
 0003:00000410 00000104H .CRT$XIAA               DATA
 0003:00000514 00000104H .CRT$XIAC               DATA
 0003:00000618 00000104H .CRT$XIZ                DATA
 0003:0000071c 00000104H .CRT$XPA                DATA
 0003:00000820 00000104H .CRT$XPZ                DATA
 0003:00000924 00000104H .CRT$XTA                DATA
 0003:00000a28 00000108H .CRT$XTZ                DATA
 0003:00000b30 00000e90H .rdata                  DATA
 0003:000019c0 00000104H .rdata$CastGuardVftablesA DATA
 0003:00001ac4 00000104H .rdata$CastGuardVftablesC DATA
 0003:00001bc8 00000374H .rdata$r                DATA
 0003:00001f3c 00000184H .rdata$zzzdbg           DATA
 0003:000020c0 00000104H .rtc$IAA                DATA
 0003:000021c4 00000114H .rtc$IMZ                DATA
 0003:000022d8 00000104H .rtc$IZZ                DATA
 0003:000023dc 00000104H .rtc$TAA                DATA
 0003:000024e0 00000114H .rtc$TMZ                DATA
 0003:000025f4 00000104H .rtc$TZZ                DATA
 0003:000026f8 000005ecH .xdata$x                DATA
 0003:00002ce4 00000000H .edata                  DATA
 0004:00000000 00000140H .data                   DATA
 0004:00000140 000001acH .data$r                 DATA
 0004:000002ec 000001ccH .data$rs                DATA
 0004:000004b8 0000046cH .bss                    DATA
 0005:00000000 00000270H .idata$5                DATA
 0005:00000270 00000050H .idata$2                DATA
 0005:000002c0 00000014H .idata$3                DATA
 0005:000002d4 00000270H .idata$4                DATA
 0005:00000544 00000c86H .idata$6                DATA
 0006:00000000 000001b7H .msvcjmc                DATA
 0007:00000000 00000109H .00cfg                  DATA
 0008:00000000 00000170H .rsrc$01                DATA
 0008:00000170 000002ccH .rsrc$02                DATA

  Address         Publics by Value              Rva+Base       Lib:Object

 0000:00000000       ___hybrid_auxiliary_iat_copy 00000000     <absolute>
 0000:00000000       ___guard_fids_table        00000000     <absolute>
 0000:00000000       ___enclave_config          00000000     <absolute>
 0000:00000000       ___arm64x_redirection_metadata_count 00000000     <absolute>
 0000:00000000       ___guard_check_icall_a64n_fptr 00000000     <absolute>
 0000:00000000       ___guard_longjmp_count     00000000     <absolute>
 0000:00000000       ___safe_se_handler_count   00000000     <absolute>
 0000:00000000       ___guard_iat_table         00000000     <absolute>
 0000:00000000       ___x64_code_ranges_to_entry_points_count 00000000     <absolute>
 0000:00000000       ___guard_iat_count         00000000     <absolute>
 0000:00000000       ___guard_eh_cont_table     00000000     <absolute>
 0000:00000000       ___guard_fids_count        00000000     <absolute>
 0000:00000000       ___safe_se_handler_table   00000000     <absolute>
 0000:00000000       ___arm64x_native_entrypoint 00000000     <absolute>
 0000:00000000       ___guard_longjmp_table     00000000     <absolute>
 0000:00000000       ___volatile_metadata       00000000     <absolute>
 0000:00000000       ___arm64x_extra_rfe_table  00000000     <absolute>
 0000:00000000       ___arm64x_redirection_metadata 00000000     <absolute>
 0000:00000000       ___guard_eh_cont_count     00000000     <absolute>
 0000:00000000       ___hybrid_code_map_count   00000000     <absolute>
 0000:00000000       ___x64_code_ranges_to_entry_points 00000000     <absolute>
 0000:00000000       ___hybrid_code_map         00000000     <absolute>
 0000:00000000       ___arm64x_extra_rfe_table_size 00000000     <absolute>
 0000:00000000       ___hybrid_auxiliary_iat    00000000     <absolute>
 0000:00000000       ___dynamic_value_reloc_table 00000000     <absolute>
 0000:00000000       ___AbsoluteZero            00000000     <absolute>
 0000:00000100       ___guard_flags             00000100     <absolute>
 0000:00000000       ___ImageBase               00400000     <linker-defined>
 0001:00000000       __enc$textbss$begin        00401000     <linker-defined>
 0001:00010000       __enc$textbss$end          00411000     <linker-defined>
 0002:00000d10       ??$?6U?$char_traits@D@std@@@std@@YAAAV?$basic_ostream@DU?$char_traits@D@std@@@0@AAV10@PBD@Z 00411d10 f i Car.obj
 0002:000011c0       ??$addressof@$$CBUFree@@@std@@YAPBUFree@@ABU1@@Z 004121c0 f i deleter.obj
 0002:00001200       ??0?$_Temporary_owner_del@PAHP6AXPAH@Z@std@@QAE@QAHAAP6AXPAH@Z@Z 00412200 f i deleter.obj
 0002:00001260       ??$addressof@Q6AXPAH@Z@std@@YAPBQ6AXPAH@ZABQ6AX0@Z@Z 00412260 f i deleter.obj
 0002:000012a0       ??1?$_Ref_count_resource@PAHP6AXPAH@Z@std@@UAE@XZ 004122a0 f i deleter.obj
 0002:000012f0       ??$endl@DU?$char_traits@D@std@@@std@@YAAAV?$basic_ostream@DU?$char_traits@D@std@@@0@AAV10@@Z 004122f0 f i Car.obj
 0002:00001390       ??0Car@@QAE@M@Z            00412390 f   Car.obj
 0002:00001480       ??0Car@@QAE@MH@Z           00412480 f   Car.obj
 0002:00001540       ??0Car@@QAE@XZ             00412540 f   Car.obj
 0002:00001620       ??0_Sentry_base@?$basic_ostream@DU?$char_traits@D@std@@@std@@QAE@AAV12@@Z 00412620 f i Car.obj
 0002:000016e0       ??0sentry@?$basic_ostream@DU?$char_traits@D@std@@@std@@QAE@AAV12@@Z 004126e0 f i Car.obj
 0002:00001800       ??1?$_Ref_count_resource@PAHUFree@@@std@@UAE@XZ 00412800 f i deleter.obj
 0002:00001850       ??1Car@@QAE@XZ             00412850 f   Car.obj
 0002:00001920       ??1_Sentry_base@?$basic_ostream@DU?$char_traits@D@std@@@std@@QAE@XZ 00412920 f i Car.obj
 0002:00001a10       ??1sentry@?$basic_ostream@DU?$char_traits@D@std@@@std@@QAE@XZ 00412a10 f i Car.obj
 0002:00001b00       ??Bsentry@?$basic_ostream@DU?$char_traits@D@std@@@std@@QBE_NXZ 00412b00 f i Car.obj
 0002:00001b60       ?Accelerate@Car@@QAEXXZ    00412b60 f   Car.obj
 0002:00001bf0       ?AddPassengers@Car@@QAEXH@Z 00412bf0 f   Car.obj
 0002:00001c50       ?Brake@Car@@QAEXXZ         00412c50 f   Car.obj
 0002:00001cb0       ?Dashboard@Car@@QAEXXZ     00412cb0 f   Car.obj
 0002:00001dd0       ??1_Ref_count_base@std@@UAE@XZ 00412dd0 f i deleter.obj
 0002:00001e10       ?FillFuel@Car@@QAEXM@Z     00412e10 f   Car.obj
 0002:00001e70       ?__empty_global_delete@@YAXPAX@Z 00412e70 f i Car.obj
 0002:00001ec0       ?__empty_global_delete@@YAXPAXI@Z 00412ec0 f i Car.obj
 0002:00001f10       ?eof@?$_Narrow_char_traits@DH@std@@SAHXZ 00412f10 f i Car.obj
 0002:00001f60       ?eq_int_type@?$_Narrow_char_traits@DH@std@@SA_NABH0@Z 00412f60 f i Car.obj
 0002:00001fe0       ?length@?$_Narrow_char_traits@DH@std@@SAIQBD@Z 00412fe0 f i Car.obj
 0002:00002040       ?totalCount@Car@@SAXXZ     00413040 f   Car.obj
 0002:000020e0       __JustMyCode_Default       004130e0 f i Car.obj
 0002:000020f0       ??$?0HP6AXPAH@Z$0A@@?$shared_ptr@H@std@@QAE@PAHP6AX0@Z@Z 004130f0 f i deleter.obj
 0002:00002170       ??$?0HUFree@@$0A@@?$shared_ptr@H@std@@QAE@PAHUFree@@@Z 00413170 f i deleter.obj
 0002:00002200       ??$?0P6AXPAH@Z$0A@@?$unique_ptr@HP6AXPAH@Z@std@@QAE@PAH$$QAP6AX0@Z@Z 00413200 f i deleter.obj
 0002:00002280       ??$?0P6AXPAH@ZAAPAH@?$_Compressed_pair@P6AXPAH@ZPAH$0A@@std@@QAE@U_One_then_variadic_args_t@1@$$QAP6AXPAH@ZAAPAH@Z 00413280 f i deleter.obj
 0002:00002310       ??$?0UFree@@$0A@@?$unique_ptr@HUFree@@@std@@QAE@PAH$$QAUFree@@@Z 00413310 f i deleter.obj
 0002:00002390       ??$?0UFree@@AAPAH@?$_Compressed_pair@UFree@@PAH$00@std@@QAE@U_One_then_variadic_args_t@1@$$QAUFree@@AAPAH@Z 00413390 f i deleter.obj
 0002:00002410       ??$_Set_ptr_rep_and_enable_shared@H@?$shared_ptr@H@std@@AAEXQAHQAV_Ref_count_base@1@@Z 00413410 f i deleter.obj
 0002:00002470       ??1?$shared_ptr@H@std@@QAE@XZ 00413470 f i deleter.obj
 0002:000024c0       ??$forward@AAPAH@std@@YAAAPAHAAPAH@Z 004134c0 f i deleter.obj
 0002:00002530       ??$forward@P6AXPAH@Z@std@@YA$$QAP6AXPAH@ZAAP6AX0@Z@Z 00413530 f i deleter.obj
 0002:00002570       ??0?$_Ref_count_resource@PAHUFree@@@std@@QAE@PAHUFree@@@Z 00413570 f i deleter.obj
 0002:00002600       ??0?$_Temporary_owner_del@PAHUFree@@@std@@QAE@QAHAAUFree@@@Z 00413600 f i deleter.obj
 0002:00002660       ??$forward@UFree@@@std@@YA$$QAUFree@@AAU1@@Z 00413660 f i deleter.obj
 0002:000026a0       ??0_Ref_count_base@std@@IAE@XZ 004136a0 f i deleter.obj
 0002:00002700       ??RFree@@QAEXPAH@Z         00413700 f i deleter.obj
 0002:00002770       ??$_Setpd@PAHP6AXPAH@Z@?$shared_ptr@H@std@@AAEXQAHP6AXPAH@Z@Z 00413770 f i deleter.obj
 0002:000028c0       ??1?$_Temporary_owner_del@PAHP6AXPAH@Z@std@@QAE@XZ 004138c0 f i deleter.obj
 0002:00002960       ??$move@AAP6AXPAH@Z@std@@YA$$QAP6AXPAH@ZAAP6AX0@Z@Z 00413960 f i deleter.obj
 0002:000029b0       ??$move@AAUFree@@@std@@YA$$QAUFree@@AAU1@@Z 004139b0 f i deleter.obj
 0002:00002a00       ??0?$_Ptr_base@H@std@@IAE@XZ 00413a00 f i deleter.obj
 0002:00002a70       ??0?$_Ref_count_resource@PAHP6AXPAH@Z@std@@QAE@PAHP6AX0@Z@Z 00413a70 f i deleter.obj
 0002:00002b00       ??_E?$_Ref_count_resource@PAHP6AXPAH@Z@std@@UAEPAXI@Z 00413b00 f i deleter.obj
 0002:00002b00       ??_G?$_Ref_count_resource@PAHP6AXPAH@Z@std@@UAEPAXI@Z 00413b00 f i deleter.obj
 0002:00002b60       ??$_Setpd@PAHUFree@@@?$shared_ptr@H@std@@AAEXQAHUFree@@@Z 00413b60 f i deleter.obj
 0002:00002cb0       ??1?$_Temporary_owner_del@PAHUFree@@@std@@QAE@XZ 00413cb0 f i deleter.obj
 0002:00002d40       ??1?$unique_ptr@HP6AXPAH@Z@std@@QAE@XZ 00413d40 f i deleter.obj
 0002:00002de0       ??1?$unique_ptr@HUFree@@@std@@QAE@XZ 00413de0 f i deleter.obj
 0002:00002e70       ??8type_info@@QBE_NABV0@@Z 00413e70 f i deleter.obj
 0002:00002ef0       ??_E?$_Ref_count_resource@PAHUFree@@@std@@UAEPAXI@Z 00413ef0 f i deleter.obj
 0002:00002ef0       ??_G?$_Ref_count_resource@PAHUFree@@@std@@UAEPAXI@Z 00413ef0 f i deleter.obj
 0002:00002f50       ?MallocFree@@YAXPAH@Z      00413f50 f   deleter.obj
 0002:00002fb0       ?SharedPointer@@YAXXZ      00413fb0 f   deleter.obj
 0002:00003100       ?UniquePointer@@YAXXZ      00414100 f   deleter.obj
 0002:00003210       ?_Decref@?$_Ptr_base@H@std@@IAEXXZ 00414210 f i deleter.obj
 0002:00003270       ?_Decref@_Ref_count_base@std@@QAEXXZ 00414270 f i deleter.obj
 0002:000032e0       ?_Decwref@_Ref_count_base@std@@QAEXXZ 004142e0 f i deleter.obj
 0002:00003350       ?_Delete_this@?$_Ref_count_resource@PAHP6AXPAH@Z@std@@EAEXXZ 00414350 f i deleter.obj
 0002:000033d0       ?_Delete_this@?$_Ref_count_resource@PAHUFree@@@std@@EAEXXZ 004143d0 f i deleter.obj
 0002:00003450       ?_Destroy@?$_Ref_count_resource@PAHP6AXPAH@Z@std@@EAEXXZ 00414450 f i deleter.obj
 0002:000034e0       ?_Destroy@?$_Ref_count_resource@PAHUFree@@@std@@EAEXXZ 004144e0 f i deleter.obj
 0002:00003570       ?_Get_deleter@?$_Ref_count_resource@PAHP6AXPAH@Z@std@@UBEPAXABVtype_info@@@Z 00414570 f i deleter.obj
 0002:000035e0       ?_Get_deleter@?$_Ref_count_resource@PAHUFree@@@std@@UBEPAXABVtype_info@@@Z 004145e0 f i deleter.obj
 0002:00003650       ?_Get_first@?$_Compressed_pair@P6AXPAH@ZPAH$0A@@std@@QAEAAP6AXPAH@ZXZ 00414650 f i deleter.obj
 0002:000036a0       ?_Get_first@?$_Compressed_pair@P6AXPAH@ZPAH$0A@@std@@QBEABQ6AXPAH@ZXZ 004146a0 f i deleter.obj
 0002:000036f0       ?_Get_first@?$_Compressed_pair@UFree@@PAH$00@std@@QAEAAUFree@@XZ 004146f0 f i deleter.obj
 0002:00003740       ?_Get_first@?$_Compressed_pair@UFree@@PAH$00@std@@QBEABUFree@@XZ 00414740 f i deleter.obj
 0002:00003790       ?__autoclassinit2@?$_Ref_count_resource@PAHP6AXPAH@Z@std@@QAEXI@Z 00414790 f i deleter.obj
 0002:000037e0       ?__autoclassinit2@?$_Ref_count_resource@PAHUFree@@@std@@QAEXI@Z 004147e0 f i deleter.obj
 0002:00003830       ?__autoclassinit2@?$shared_ptr@H@std@@QAEXI@Z 00414830 f i deleter.obj
 0002:00003880       ?__autoclassinit2@?$unique_ptr@HP6AXPAH@Z@std@@QAEXI@Z 00414880 f i deleter.obj
 0002:000038d0       ?__autoclassinit2@?$unique_ptr@HUFree@@@std@@QAEXI@Z 004148d0 f i deleter.obj
 0002:00003920       _main                      00414920 f   deleter.obj
 0002:00004040       _add                       00415040 f   func.obj
 0002:00004090       _print                     00415090 f   func.obj
 0002:000040e0       ??0Integer@@QAE@$$QAV0@@Z  004150e0 f   Integer.obj
 0002:000041c0       ??0Integer@@QAE@ABV0@@Z    004151c0 f   Integer.obj
 0002:000042b0       ??0Integer@@QAE@H@Z        004152b0 f   Integer.obj
 0002:00004390       ??0Integer@@QAE@XZ         00415390 f   Integer.obj
 0002:00004470       ??1Integer@@QAE@XZ         00415470 f   Integer.obj
 0002:00004550       ??4Integer@@QAEAAV0@$$QAV0@@Z 00415550 f   Integer.obj
 0002:00004620       ??4Integer@@QAEAAV0@ABV0@@Z 00415620 f   Integer.obj
 0002:00004740       ??BInteger@@QAEHXZ         00415740 f   Integer.obj
 0002:000047a0       ??EInteger@@QAEAAV0@XZ     004157a0 f   Integer.obj
 0002:00004810       ??EInteger@@QBE?AV0@H@Z    00415810 f   Integer.obj
 0002:00004920       ??HInteger@@QBE?AV0@ABV0@@Z 00415920 f   Integer.obj
 0002:00004a40       ??RInteger@@QAEXXZ         00415a40 f   Integer.obj
 0002:00004ac0       ?GetValue@Integer@@QBEHXZ  00415ac0 f   Integer.obj
 0002:00004b20       ?SetValue@Integer@@QAEXH@Z 00415b20 f   Integer.obj
 0002:00004b80       ?__autoclassinit2@Integer@@QAEXI@Z 00415b80 f i Integer.obj
 0002:00004bda       ?uncaught_exception@std@@YA_NXZ 00415bda f   msvcprtd:MSVCP140D.dll
 0002:00004be0       ?good@ios_base@std@@QBE_NXZ 00415be0 f   msvcprtd:MSVCP140D.dll
 0002:00004be6       ?flags@ios_base@std@@QBEHXZ 00415be6 f   msvcprtd:MSVCP140D.dll
 0002:00004bec       ?width@ios_base@std@@QBE_JXZ 00415bec f   msvcprtd:MSVCP140D.dll
 0002:00004bf2       ?width@ios_base@std@@QAE_J_J@Z 00415bf2 f   msvcprtd:MSVCP140D.dll
 0002:00004bf8       ?sputc@?$basic_streambuf@DU?$char_traits@D@std@@@std@@QAEHD@Z 00415bf8 f   msvcprtd:MSVCP140D.dll
 0002:00004bfe       ?sputn@?$basic_streambuf@DU?$char_traits@D@std@@@std@@QAE_JPBD_J@Z 00415bfe f   msvcprtd:MSVCP140D.dll
 0002:00004c04       ?setstate@?$basic_ios@DU?$char_traits@D@std@@@std@@QAEXH_N@Z 00415c04 f   msvcprtd:MSVCP140D.dll
 0002:00004c0a       ?tie@?$basic_ios@DU?$char_traits@D@std@@@std@@QBEPAV?$basic_ostream@DU?$char_traits@D@std@@@2@XZ 00415c0a f   msvcprtd:MSVCP140D.dll
 0002:00004c10       ?rdbuf@?$basic_ios@DU?$char_traits@D@std@@@std@@QBEPAV?$basic_streambuf@DU?$char_traits@D@std@@@2@XZ 00415c10 f   msvcprtd:MSVCP140D.dll
 0002:00004c16       ?fill@?$basic_ios@DU?$char_traits@D@std@@@std@@QBEDXZ 00415c16 f   msvcprtd:MSVCP140D.dll
 0002:00004c1c       ?widen@?$basic_ios@DU?$char_traits@D@std@@@std@@QBEDD@Z 00415c1c f   msvcprtd:MSVCP140D.dll
 0002:00004c22       ?_Osfx@?$basic_ostream@DU?$char_traits@D@std@@@std@@QAEXXZ 00415c22 f   msvcprtd:MSVCP140D.dll
 0002:00004c28       ??6?$basic_ostream@DU?$char_traits@D@std@@@std@@QAEAAV01@P6AAAV01@AAV01@@Z@Z 00415c28 f   msvcprtd:MSVCP140D.dll
 0002:00004c2e       ??6?$basic_ostream@DU?$char_traits@D@std@@@std@@QAEAAV01@H@Z 00415c2e f   msvcprtd:MSVCP140D.dll
 0002:00004c34       ??6?$basic_ostream@DU?$char_traits@D@std@@@std@@QAEAAV01@M@Z 00415c34 f   msvcprtd:MSVCP140D.dll
 0002:00004c3a       ?put@?$basic_ostream@DU?$char_traits@D@std@@@std@@QAEAAV12@D@Z 00415c3a f   msvcprtd:MSVCP140D.dll
 0002:00004c40       ?flush@?$basic_ostream@DU?$char_traits@D@std@@@std@@QAEAAV12@XZ 00415c40 f   msvcprtd:MSVCP140D.dll
 0002:00004c50       @_RTC_AllocaHelper@12      00415c50 f   MSVCRTD:stack.obj
 0002:00004c90       @_RTC_CheckStackVars2@12   00415c90 f   MSVCRTD:stack.obj
 0002:00004da0       @_RTC_CheckStackVars@8     00415da0 f   MSVCRTD:stack.obj
 0002:00004e10       __RTC_CheckEsp             00415e10 f   MSVCRTD:stack.obj
 0002:00004e40       @__CheckForDebuggerJustMyCode@4 00415e40 f   MSVCRTD:debugger_jmc.obj
 0002:00004e90       @__security_check_cookie@4 00415e90 f   MSVCRTD:secchk.obj
 0002:00004eb0       __CRT_RTC_INIT             00415eb0 f   MSVCRTD:init.obj
 0002:00004ec0       __CRT_RTC_INITW            00415ec0 f   MSVCRTD:init.obj
 0002:00004ed0       __RTC_InitBase             00415ed0 f   MSVCRTD:init.obj
 0002:00004f10       __RTC_Shutdown             00415f10 f   MSVCRTD:init.obj
 0002:00004f30       ??2@YAPAXI@Z               00415f30 f   MSVCRTD:new_scalar.obj
 0002:00004f90       ??3@YAXPAXI@Z              00415f90 f   MSVCRTD:delete_scalar_size.obj
 0002:00004fb0       ??1type_info@@UAE@XZ       00415fb0 f   MSVCRTD:std_type_info_static.obj
 0002:00004fd0       ??_Etype_info@@UAEPAXI@Z   00415fd0 f i MSVCRTD:std_type_info_static.obj
 0002:00004fd0       ??_Gtype_info@@UAEPAXI@Z   00415fd0 f i MSVCRTD:std_type_info_static.obj
 0002:000053e0       ?configure_argv@__scrt_narrow_argv_policy@@SAHXZ 004163e0 f i MSVCRTD:exe_main.obj
 0002:00005400       ?initialize_environment@__scrt_narrow_environment_policy@@SAHXZ 00416400 f i MSVCRTD:exe_main.obj
 0002:00005460       ?set_app_type@__scrt_main_policy@@SAXXZ 00416460 f i MSVCRTD:exe_main.obj
 0002:00005480       ?set_commode@__scrt_file_policy@@SAXXZ 00416480 f i MSVCRTD:exe_main.obj
 0002:000054a0       ?set_fmode@__scrt_file_policy@@SAXXZ 004164a0 f i MSVCRTD:exe_main.obj
 0002:000054c0       _mainCRTStartup            004164c0 f   MSVCRTD:exe_main.obj
 0002:00005580       ?_RTC_AllocaFailure@@YAXPAXPAU_RTC_ALLOCA_NODE@@H@Z 00416580 f   MSVCRTD:error.obj
 0002:000056a0       ?_RTC_Failure@@YAXPAXH@Z   004166a0 f   MSVCRTD:error.obj
 0002:00005710       ?_RTC_StackFailure@@YAXPAXPBD@Z 00416710 f   MSVCRTD:error.obj
 0002:00005bc0       __RTC_UninitUse            00416bc0 f   MSVCRTD:error.obj
 0002:00005ca0       ___local_stdio_printf_options 00416ca0 f i MSVCRTD:error.obj
 0002:00005cb0       __vsprintf_s_l             00416cb0 f i MSVCRTD:error.obj
 0002:00005cf0       _sprintf_s                 00416cf0 f i MSVCRTD:error.obj
 0002:00005d20       ___raise_securityfailure   00416d20 f   MSVCRTD:gs_report.obj
 0002:00005d60       ___report_gsfailure        00416d60 f   MSVCRTD:gs_report.obj
 0002:00005eb0       ___report_rangecheckfailure 00416eb0 f   MSVCRTD:gs_report.obj
 0002:00005ec0       ___report_securityfailure  00416ec0 f   MSVCRTD:gs_report.obj
 0002:00005fd0       ___report_securityfailureEx 00416fd0 f   MSVCRTD:gs_report.obj
 0002:00006140       ?_RTC_GetErrorFunc@@YAP6AHHPBDH00ZZPBX@Z 00417140 f   MSVCRTD:userapi.obj
 0002:00006150       ?_RTC_GetErrorFuncW@@YAP6AHHPB_WH00ZZPBX@Z 00417150 f   MSVCRTD:userapi.obj
 0002:00006160       __RTC_GetErrDesc           00417160 f   MSVCRTD:userapi.obj
 0002:00006180       __RTC_NumErrors            00417180 f   MSVCRTD:userapi.obj
 0002:00006190       __RTC_SetErrorFunc         00417190 f   MSVCRTD:userapi.obj
 0002:000061c0       __RTC_SetErrorFuncW        004171c0 f   MSVCRTD:userapi.obj
 0002:000061f0       __RTC_SetErrorType         004171f0 f   MSVCRTD:userapi.obj
 0002:00006220       ??0bad_alloc@std@@AAE@QBD@Z 00417220 f i MSVCRTD:throw_bad_alloc.obj
 0002:00006250       ??0bad_alloc@std@@QAE@ABV01@@Z 00417250 f i MSVCRTD:throw_bad_alloc.obj
 0002:00006280       ??0bad_alloc@std@@QAE@XZ   00417280 f i MSVCRTD:throw_bad_alloc.obj
 0002:000062b0       ??0bad_array_new_length@std@@QAE@ABV01@@Z 004172b0 f i MSVCRTD:throw_bad_alloc.obj
 0002:000062e0       ??0bad_array_new_length@std@@QAE@XZ 004172e0 f i MSVCRTD:throw_bad_alloc.obj
 0002:00006310       ??0exception@std@@QAE@ABV01@@Z 00417310 f i MSVCRTD:throw_bad_alloc.obj
 0002:00006360       ??0exception@std@@QAE@QBDH@Z 00417360 f i MSVCRTD:throw_bad_alloc.obj
 0002:000063a0       ??1bad_alloc@std@@UAE@XZ   004173a0 f i MSVCRTD:throw_bad_alloc.obj
 0002:000063c0       ??1bad_array_new_length@std@@UAE@XZ 004173c0 f i MSVCRTD:throw_bad_alloc.obj
 0002:000063e0       ??1exception@std@@UAE@XZ   004173e0 f i MSVCRTD:throw_bad_alloc.obj
 0002:00006410       ??_Gbad_alloc@std@@UAEPAXI@Z 00417410 f i MSVCRTD:throw_bad_alloc.obj
 0002:00006410       ??_Ebad_alloc@std@@UAEPAXI@Z 00417410 f i MSVCRTD:throw_bad_alloc.obj
 0002:00006450       ??_Ebad_array_new_length@std@@UAEPAXI@Z 00417450 f i MSVCRTD:throw_bad_alloc.obj
 0002:00006450       ??_Gbad_array_new_length@std@@UAEPAXI@Z 00417450 f i MSVCRTD:throw_bad_alloc.obj
 0002:00006490       ??_Eexception@std@@UAEPAXI@Z 00417490 f i MSVCRTD:throw_bad_alloc.obj
 0002:00006490       ??_Gexception@std@@UAEPAXI@Z 00417490 f i MSVCRTD:throw_bad_alloc.obj
 0002:000064d0       ?__scrt_throw_std_bad_alloc@@YAXXZ 004174d0 f   MSVCRTD:throw_bad_alloc.obj
 0002:00006500       ?__scrt_throw_std_bad_array_new_length@@YAXXZ 00417500 f   MSVCRTD:throw_bad_alloc.obj
 0002:00006530       ?what@exception@std@@UBEPBDXZ 00417530 f i MSVCRTD:throw_bad_alloc.obj
 0002:00006570       ??3@YAXPAX@Z               00417570 f   MSVCRTD:delete_scalar.obj
 0002:000066d0       _NtCurrentTeb              004176d0 f i MSVCRTD:utility.obj
 0002:000066e0       ___scrt_acquire_startup_lock 004176e0 f   MSVCRTD:utility.obj
 0002:00006740       ___scrt_dllmain_after_initialize_c 00417740 f   MSVCRTD:utility.obj
 0002:00006780       ___scrt_dllmain_before_initialize_c 00417780 f   MSVCRTD:utility.obj
 0002:000067b0       ___scrt_dllmain_crt_thread_attach 004177b0 f   MSVCRTD:utility.obj
 0002:000067f0       ___scrt_dllmain_crt_thread_detach 004177f0 f   MSVCRTD:utility.obj
 0002:00006810       ___scrt_dllmain_exception_filter 00417810 f   MSVCRTD:utility.obj
 0002:00006870       ___scrt_dllmain_uninitialize_c 00417870 f   MSVCRTD:utility.obj
 0002:000068b0       ___scrt_dllmain_uninitialize_critical 004178b0 f   MSVCRTD:utility.obj
 0002:000068d0       ___scrt_initialize_crt     004178d0 f   MSVCRTD:utility.obj
 0002:00006930       ___scrt_initialize_onexit_tables 00417930 f   MSVCRTD:utility.obj
 0002:00006a40       ___scrt_is_nonwritable_in_current_image 00417a40 f   MSVCRTD:utility.obj
 0002:00006bc0       ___scrt_release_startup_lock 00417bc0 f   MSVCRTD:utility.obj
 0002:00006bf0       ___scrt_uninitialize_crt   00417bf0 f   MSVCRTD:utility.obj
 0002:00006c40       __onexit                   00417c40 f   MSVCRTD:utility.obj
 0002:00006cc0       _at_quick_exit             00417cc0 f   MSVCRTD:utility.obj
 0002:00006d10       _atexit                    00417d10 f   MSVCRTD:utility.obj
 0002:00006de0       ___security_init_cookie    00417de0 f   MSVCRTD:gs_support.obj
 0002:00006e80       __matherr                  00417e80 f   MSVCRTD:matherr.obj
 0002:00006e90       __get_startup_argv_mode    00417e90 f   MSVCRTD:argv_mode.obj
 0002:00006ea0       __get_startup_commit_mode  00417ea0 f   MSVCRTD:commit_mode.obj
 0002:00006eb0       __get_startup_file_mode    00417eb0 f   MSVCRTD:file_mode.obj
 0002:00006ec0       __get_startup_new_mode     00417ec0 f   MSVCRTD:new_mode.obj
 0002:00006ed0       __get_startup_thread_locale_mode 00417ed0 f   MSVCRTD:thread_locale.obj
 0002:00006ee0       ?__scrt_initialize_type_info@@YAXXZ 00417ee0 f   MSVCRTD:tncleanup.obj
 0002:00006f00       ?__scrt_uninitialize_type_info@@YAXXZ 00417f00 f   MSVCRTD:tncleanup.obj
 0002:00006f20       __should_initialize_environment 00417f20 f   MSVCRTD:env_mode.obj
 0002:00006f30       __initialize_default_precision 00417f30 f   MSVCRTD:default_precision.obj
 0002:00006f60       __initialize_invalid_parameter_handler 00417f60 f   MSVCRTD:invalid_parameter_handler.obj
 0002:00006f70       __initialize_denormal_control 00417f70 f   MSVCRTD:denormal_control.obj
 0002:00006f80       ___local_stdio_scanf_options 00417f80 f i MSVCRTD:default_local_stdio_options.obj
 0002:00006f90       ___scrt_initialize_default_local_stdio_options 00417f90 f   MSVCRTD:default_local_stdio_options.obj
 0002:00006fe0       ___scrt_is_user_matherr_present 00417fe0 f   MSVCRTD:matherr_detection.obj
 0002:00007010       ___scrt_get_dyn_tls_init_callback 00418010 f   MSVCRTD:dyn_tls_init.obj
 0002:00007020       ___scrt_get_dyn_tls_dtor_callback 00418020 f   MSVCRTD:dyn_tls_dtor.obj
 0002:00007030       ___scrt_fastfail           00418030 f   MSVCRTD:utility_desktop.obj
 0002:000071c0       ___scrt_get_show_window_mode 004181c0 f   MSVCRTD:utility_desktop.obj
 0002:00007210       ___scrt_initialize_mta     00418210 f   MSVCRTD:utility_desktop.obj
 0002:00007220       ___scrt_initialize_winrt   00418220 f   MSVCRTD:utility_desktop.obj
 0002:00007230       ___scrt_is_managed_app     00418230 f   MSVCRTD:utility_desktop.obj
 0002:000072e0       ___scrt_set_unhandled_exception_filter 004182e0 f   MSVCRTD:utility_desktop.obj
 0002:00007300       ___scrt_exe_initialize_mta 00418300 f   MSVCRTD:utility_desktop.obj
 0002:00007300       ___scrt_stub_for_initialize_mta 00418300 f   MSVCRTD:utility_desktop.obj
 0002:00007310       ___scrt_unhandled_exception_filter@4 00418310 f   MSVCRTD:utility_desktop.obj
 0002:000073b0       __crt_debugger_hook        004183b0 f   MSVCRTD:utility_desktop.obj
 0002:000073d0       __RTC_Initialize           004183d0 f   MSVCRTD:initsect.obj
 0002:00007410       __RTC_Terminate            00418410 f   MSVCRTD:initsect.obj
 0002:00007450       __except_handler4          00418450 f   MSVCRTD:chandler4gs.obj
 0002:000074a0       @_guard_check_icall_nop@4  004184a0 f i MSVCRTD:guard_support.obj
 0002:000074b0       _ReadNoFence               004184b0 f i MSVCRTD:guard_support.obj
 0002:000074d0       _ReadPointerNoFence        004184d0 f i MSVCRTD:guard_support.obj
 0002:000074f0       ___castguard_check_failure_debugbreak 004184f0 f i MSVCRTD:guard_support.obj
 0002:00007510       ___castguard_check_failure_fastfail 00418510 f i MSVCRTD:guard_support.obj
 0002:00007540       ___castguard_check_failure_nop 00418540 f i MSVCRTD:guard_support.obj
 0002:00007550       ___castguard_check_failure_os_handled 00418550 f i MSVCRTD:guard_support.obj
 0002:000075f0       ___castguard_slow_path_check_debugbreak 004185f0 f i MSVCRTD:guard_support.obj
 0002:00007630       ___castguard_slow_path_check_fastfail 00418630 f i MSVCRTD:guard_support.obj
 0002:00007680       ___castguard_slow_path_check_nop 00418680 f i MSVCRTD:guard_support.obj
 0002:00007690       ___castguard_slow_path_check_os_handled 00418690 f i MSVCRTD:guard_support.obj
 0002:00007750       __guard_icall_checks_enforced 00418750 f i MSVCRTD:guard_support.obj
 0002:00007d20       ?_RTC_GetSrcLine@@YAHPAEPA_WKPAH1K@Z 00418d20 f   MSVCRTD:pdblkup.obj
 0002:00008180       __except_handler4_noexcept 00419180 f   MSVCRTD:chandler4_noexcept.obj
 0002:00008200       ___isa_available_init      00419200 f   MSVCRTD:cpu_disp.obj
 0002:00008600       ___scrt_is_ucrt_dll_in_use 00419600 f   MSVCRTD:ucrt_detection.obj
 0002:0000862d       ___CxxFrameHandler3        0041962d f   vcruntimed:VCRUNTIME140D.dll
 0002:00008633       ___std_type_info_compare   00419633 f   vcruntimed:VCRUNTIME140D.dll
 0002:00008639       _memset                    00419639 f   vcruntimed:VCRUNTIME140D.dll
 0002:0000863f       ___std_exception_copy      0041963f f   vcruntimed:VCRUNTIME140D.dll
 0002:00008645       ___std_exception_destroy   00419645 f   vcruntimed:VCRUNTIME140D.dll
 0002:0000864b       __CxxThrowException@8      0041964b f   vcruntimed:VCRUNTIME140D.dll
 0002:00008651       ___std_type_info_destroy_list 00419651 f   vcruntimed:VCRUNTIME140D.dll
 0002:00008657       ___current_exception       00419657 f   vcruntimed:VCRUNTIME140D.dll
 0002:0000865d       ___current_exception_context 0041965d f   vcruntimed:VCRUNTIME140D.dll
 0002:00008663       __except_handler4_common   00419663 f   vcruntimed:VCRUNTIME140D.dll
 0002:00008669       ___vcrt_GetModuleFileNameW 00419669 f   vcruntimed:VCRUNTIME140D.dll
 0002:0000866f       ___vcrt_GetModuleHandleW   0041966f f   vcruntimed:VCRUNTIME140D.dll
 0002:00008675       ___vcrt_LoadLibraryExW     00419675 f   vcruntimed:VCRUNTIME140D.dll
 0002:0000867b       _strlen                    0041967b f   ucrtd:ucrtbased.dll
 0002:00008681       _free                      00419681 f   ucrtd:ucrtbased.dll
 0002:00008687       _malloc                    00419687 f   ucrtd:ucrtbased.dll
 0002:0000868d       __CrtDbgReport             0041968d f   ucrtd:ucrtbased.dll
 0002:00008693       __CrtDbgReportW            00419693 f   ucrtd:ucrtbased.dll
 0002:00008699       __callnewh                 00419699 f   ucrtd:ucrtbased.dll
 0002:0000869f       __seh_filter_exe           0041969f f   ucrtd:ucrtbased.dll
 0002:000086a5       __set_app_type             004196a5 f   ucrtd:ucrtbased.dll
 0002:000086ab       ___setusermatherr          004196ab f   ucrtd:ucrtbased.dll
 0002:000086b1       __configure_narrow_argv    004196b1 f   ucrtd:ucrtbased.dll
 0002:000086b7       __initialize_narrow_environment 004196b7 f   ucrtd:ucrtbased.dll
 0002:000086bd       __get_initial_narrow_environment 004196bd f   ucrtd:ucrtbased.dll
 0002:000086c3       __initterm                 004196c3 f   ucrtd:ucrtbased.dll
 0002:000086c9       __initterm_e               004196c9 f   ucrtd:ucrtbased.dll
 0002:000086cf       _exit                      004196cf f   ucrtd:ucrtbased.dll
 0002:000086d5       __exit                     004196d5 f   ucrtd:ucrtbased.dll
 0002:000086db       __set_fmode                004196db f   ucrtd:ucrtbased.dll
 0002:000086e1       ___p___argc                004196e1 f   ucrtd:ucrtbased.dll
 0002:000086e7       ___p___argv                004196e7 f   ucrtd:ucrtbased.dll
 0002:000086ed       __cexit                    004196ed f   ucrtd:ucrtbased.dll
 0002:000086f3       __c_exit                   004196f3 f   ucrtd:ucrtbased.dll
 0002:000086f9       __register_thread_local_exe_atexit_callback 004196f9 f   ucrtd:ucrtbased.dll
 0002:000086ff       __configthreadlocale       004196ff f   ucrtd:ucrtbased.dll
 0002:00008705       __set_new_mode             00419705 f   ucrtd:ucrtbased.dll
 0002:0000870b       ___p__commode              0041970b f   ucrtd:ucrtbased.dll
 0002:00008711       _strcpy_s                  00419711 f   ucrtd:ucrtbased.dll
 0002:00008717       _strcat_s                  00419717 f   ucrtd:ucrtbased.dll
 0002:0000871d       ___stdio_common_vsprintf_s 0041971d f   ucrtd:ucrtbased.dll
 0002:00008723       __free_dbg                 00419723 f   ucrtd:ucrtbased.dll
 0002:00008729       __seh_filter_dll           00419729 f   ucrtd:ucrtbased.dll
 0002:0000872f       __initialize_onexit_table  0041972f f   ucrtd:ucrtbased.dll
 0002:00008735       __register_onexit_function 00419735 f   ucrtd:ucrtbased.dll
 0002:0000873b       __execute_onexit_table     0041973b f   ucrtd:ucrtbased.dll
 0002:00008741       __crt_atexit               00419741 f   ucrtd:ucrtbased.dll
 0002:00008747       __crt_at_quick_exit        00419747 f   ucrtd:ucrtbased.dll
 0002:0000874d       __controlfp_s              0041974d f   ucrtd:ucrtbased.dll
 0002:00008753       _terminate                 00419753 f   ucrtd:ucrtbased.dll
 0002:00008759       __wmakepath_s              00419759 f   ucrtd:ucrtbased.dll
 0002:0000875f       __wsplitpath_s             0041975f f   ucrtd:ucrtbased.dll
 0002:00008765       _wcscpy_s                  00419765 f   ucrtd:ucrtbased.dll
 0002:0000876b       _GetCurrentThreadId@0      0041976b f   kernel32:KERNEL32.dll
 0002:00008771       _IsDebuggerPresent@0       00419771 f   kernel32:KERNEL32.dll
 0002:00008777       _RaiseException@16         00419777 f   kernel32:KERNEL32.dll
 0002:0000877d       _MultiByteToWideChar@24    0041977d f   kernel32:KERNEL32.dll
 0002:00008783       _WideCharToMultiByte@32    00419783 f   kernel32:KERNEL32.dll
 0002:00008789       _UnhandledExceptionFilter@4 00419789 f   kernel32:KERNEL32.dll
 0002:0000878f       _SetUnhandledExceptionFilter@4 0041978f f   kernel32:KERNEL32.dll
 0002:00008795       _GetCurrentProcess@0       00419795 f   kernel32:KERNEL32.dll
 0002:0000879b       _TerminateProcess@8        0041979b f   kernel32:KERNEL32.dll
 0002:000087a1       _IsProcessorFeaturePresent@4 004197a1 f   kernel32:KERNEL32.dll
 0002:000087a7       _QueryPerformanceCounter@4 004197a7 f   kernel32:KERNEL32.dll
 0002:000087ad       _GetCurrentProcessId@0     004197ad f   kernel32:KERNEL32.dll
 0002:000087b3       _GetSystemTimeAsFileTime@4 004197b3 f   kernel32:KERNEL32.dll
 0002:000087b9       _InitializeSListHead@4     004197b9 f   kernel32:KERNEL32.dll
 0002:000087bf       _GetStartupInfoW@4         004197bf f   kernel32:KERNEL32.dll
 0002:000087c5       _GetModuleHandleW@4        004197c5 f   kernel32:KERNEL32.dll
 0002:000087cb       _GetLastError@0            004197cb f   kernel32:KERNEL32.dll
 0002:000087d1       _HeapAlloc@12              004197d1 f   kernel32:KERNEL32.dll
 0002:000087d7       _HeapFree@12               004197d7 f   kernel32:KERNEL32.dll
 0002:000087dd       _GetProcessHeap@0          004197dd f   kernel32:KERNEL32.dll
 0002:000087e3       _VirtualQuery@12           004197e3 f   kernel32:KERNEL32.dll
 0002:000087e9       _FreeLibrary@4             004197e9 f   kernel32:KERNEL32.dll
 0002:000087ef       _GetProcAddress@8          004197ef f   kernel32:KERNEL32.dll
 0002:00008800       ___acrt_initialize         00419800 f   MSVCRTD:ucrt_stubs.obj
 0002:00008800       ___scrt_stub_for_acrt_initialize 00419800 f   MSVCRTD:ucrt_stubs.obj
 0002:00008800       ___vcrt_initialize         00419800 f   MSVCRTD:ucrt_stubs.obj
 0002:00008810       ___scrt_stub_for_acrt_thread_attach 00419810 f   MSVCRTD:ucrt_stubs.obj
 0002:00008810       ___vcrt_thread_attach      00419810 f   MSVCRTD:ucrt_stubs.obj
 0002:00008810       ___acrt_thread_attach      00419810 f   MSVCRTD:ucrt_stubs.obj
 0002:00008820       ___acrt_thread_detach      00419820 f   MSVCRTD:ucrt_stubs.obj
 0002:00008820       ___scrt_stub_for_acrt_thread_detach 00419820 f   MSVCRTD:ucrt_stubs.obj
 0002:00008820       ___vcrt_thread_detach      00419820 f   MSVCRTD:ucrt_stubs.obj
 0002:00008830       ___vcrt_uninitialize       00419830 f   MSVCRTD:ucrt_stubs.obj
 0002:00008830       ___acrt_uninitialize       00419830 f   MSVCRTD:ucrt_stubs.obj
 0002:00008830       ___scrt_stub_for_acrt_uninitialize 00419830 f   MSVCRTD:ucrt_stubs.obj
 0002:00008840       ___vcrt_uninitialize_critical 00419840 f   MSVCRTD:ucrt_stubs.obj
 0002:00008840       ___acrt_uninitialize_critical 00419840 f   MSVCRTD:ucrt_stubs.obj
 0002:00008840       ___scrt_stub_for_acrt_uninitialize_critical 00419840 f   MSVCRTD:ucrt_stubs.obj
 0002:00008850       __is_c_termination_complete 00419850 f   MSVCRTD:ucrt_stubs.obj
 0002:00008850       ___scrt_stub_for_is_c_termination_complete 00419850 f   MSVCRTD:ucrt_stubs.obj
 0002:00008860       __filter_x86_sse2_floating_point_exception 00419860 f   MSVCRTD:x86_exception_filter.obj
 0002:00008860       __filter_x86_sse2_floating_point_exception_default 00419860 f   MSVCRTD:x86_exception_filter.obj
 0003:00000000       ___xc_a                    0041d000     MSVCRTD:initializers.obj
 0003:00000208       ___xc_z                    0041d208     MSVCRTD:initializers.obj
 0003:0000030c       ___xi_a                    0041d30c     MSVCRTD:initializers.obj
 0003:00000618       ___xi_z                    0041d618     MSVCRTD:initializers.obj
 0003:0000071c       ___xp_a                    0041d71c     MSVCRTD:initializers.obj
 0003:00000820       ___xp_z                    0041d820     MSVCRTD:initializers.obj
 0003:00000924       ___xt_a                    0041d924     MSVCRTD:initializers.obj
 0003:00000a28       ___xt_z                    0041da28     MSVCRTD:initializers.obj
 0003:00000b30       ??_C@_0BC@FMFNBAD@Car?$CI?$CJ?5constructor@ 0041db30     Car.obj
 0003:00000b48       ??_C@_0BI@ONIGHILE@Car?$CIamount?$CJ?5constructor@ 0041db48     Car.obj
 0003:00000b64       ??_C@_0BN@KKFCHGFA@Car?$CIamount?0pass?$CJ?5constructor@ 0041db64     Car.obj
 0003:00000b88       ??_C@_0BB@KBHKABKJ@Car?$CI?$CJ?5destructor@ 0041db88     Car.obj
 0003:00000b9c       ??_C@_0O@FEGEHDHI@Total?5cars?5?$DN?5@ 0041db9c     Car.obj
 0003:00000bac       ??_C@_07NGIBONIK@Fuel?5?$DN?5@ 0041dbac     Car.obj
 0003:00000bb8       ??_C@_08KHJNGAL@Speed?5?$DN?5@ 0041dbb8     Car.obj
 0003:00000bc4       ??_C@_0O@KPGMLNOA@Passengers?5?$DN?5@ 0041dbc4     Car.obj
 0003:00000bd4       __real@3f000000            0041dbd4     Car.obj
 0003:00000bd8       __real@3f800000            0041dbd8     Car.obj
 0003:00000bdc       ??_C@_0L@PEEMBBGI@ptr?5freed?6@ 0041dbdc     deleter.obj
 0003:00000bec       ??_C@_0O@ELHDHOEC@malloc?5freed?6@ 0041dbec     deleter.obj
 0003:00000bfc       ??_C@_05CJBACGMB@hello@    0041dbfc     deleter.obj
 0003:00000c08       ??_7?$_Ref_count_resource@PAHUFree@@@std@@6B@ 0041dc08     deleter.obj
 0003:00000c1c       ??_7?$_Ref_count_resource@PAHP6AXPAH@Z@std@@6B@ 0041dc1c     deleter.obj
 0003:00000c34       ??_C@_09OMOCDKIG@Integer?$CI?$CJ@ 0041dc34     Integer.obj
 0003:00000c40       ??_C@_0BK@MDJAHKMH@Integer?$CIconst?5Integer?$CG?5i?$CJ@ 0041dc40     Integer.obj
 0003:00000c60       ??_C@_0BD@PPMNOCDI@Integer?$CIint?5value?$CJ@ 0041dc60     Integer.obj
 0003:00000c78       ??_C@_0M@ILDALPHC@Integer?$CI?$CG?$CG?$CJ@ 0041dc78     Integer.obj
 0003:00000c88       ??_C@_03BNDBBBDF@b?5?$DN@  0041dc88     Integer.obj
 0003:00000c8c       ??_C@_0M@LHGHPBKD@op?$CL?5?3?3?5a?5?$DN?5@ 0041dc8c     Integer.obj
 0003:00000c9c       ??_C@_0BP@MFPFMONE@Integer?3?3operator?$DN?$CIInteger?$CG?5a?$CJ@ 0041dc9c     Integer.obj
 0003:00000cc4       ??_C@_0CA@BHFMGKGI@Integer?3?3operator?$DN?$CIInteger?$CG?$CG?5a?$CJ@ 0041dcc4     Integer.obj
 0003:00000cec       ??_C@_0L@MILLJKOJ@?$HOInteger?$CI?$CJ@ 0041dcec     Integer.obj
 0003:00000d00       ??_7type_info@@6B@         0041dd00     MSVCRTD:std_type_info_static.obj
 0003:00000dc8       ??_C@_0NN@JMPELKLB@The?5value?5of?5ESP?5was?5not?5proper@ 0041ddc8     MSVCRTD:error.obj
 0003:00000ed8       ??_C@_0BBN@ELNNILBE@A?5cast?5to?5a?5smaller?5data?5type?5h@ 0041ded8     MSVCRTD:error.obj
 0003:00001030       ??_C@_0BN@BPOGFMJL@Stack?5memory?5was?5corrupted?$AN?6@ 0041e030     MSVCRTD:error.obj
 0003:00001054       ??_C@_0DG@DAJCDLPN@A?5local?5variable?5was?5used?5befor@ 0041e054     MSVCRTD:error.obj
 0003:00001094       ??_C@_0CM@JMIDGKLA@Stack?5memory?5around?5_alloca?5was@ 0041e094     MSVCRTD:error.obj
 0003:000010c8       ??_C@_0BO@CHIONIOI@Unknown?5Runtime?5Check?5Error?$AN?6@ 0041e0c8     MSVCRTD:error.obj
 0003:000010f0       ??_C@_1GM@CNOOJIHC@?$AAR?$AAu?$AAn?$AAt?$AAi?$AAm?$AAe?$AA?5?$AAC?$AAh?$AAe?$AAc?$AAk?$AA?5?$AAE@ 0041e0f0     MSVCRTD:error.obj
 0003:00001178       ??_C@_1EA@NFKNIFJP@?$AAR?$AAu?$AAn?$AA?9?$AAT?$AAi?$AAm?$AAe?$AA?5?$AAC?$AAh?$AAe?$AAc?$AAk?$AA?5@ 0041e178     MSVCRTD:error.obj
 0003:000011c4       ??_C@_0BB@PFFGGCJP@Unknown?5Filename@ 0041e1c4     MSVCRTD:error.obj
 0003:000011d8       ??_C@_0BE@GNBOBNCK@Unknown?5Module?5Name@ 0041e1d8     MSVCRTD:error.obj
 0003:000011f0       ??_C@_0CA@IODNCDPG@Run?9Time?5Check?5Failure?5?$CD?$CFd?5?9?5?$CFs@ 0041e1f0     MSVCRTD:error.obj
 0003:00001218       ??_C@_0CG@IAFNJNEE@Stack?5corrupted?5near?5unknown?5va@ 0041e218     MSVCRTD:error.obj
 0003:00001248       ??_C@_05MKKEDADM@?$CF?42X?5@ 0041e248     MSVCRTD:error.obj
 0003:00001250       ??_C@_0EJ@LJKNEOLN@Stack?5area?5around?5_alloca?5memor@ 0041e250     MSVCRTD:error.obj
 0003:000012a8       ??_C@_01EEMJAFIK@?6@       0041e2a8     MSVCRTD:error.obj
 0003:000012ac       ??_C@_02LLMPMKNF@?$DO?5@   0041e2ac     MSVCRTD:error.obj
 0003:000012b0       ??_C@_08OMAHNMHJ@?6Data?3?5?$DM@ 0041e2b0     MSVCRTD:error.obj
 0003:000012bc       ??_C@_0CK@DKGBICFE@?6Allocation?5number?5within?5this?5@ 0041e2bc     MSVCRTD:error.obj
 0003:000012f0       ??_C@_07DFDJCKFN@?6Size?3?5@ 0041e2f0     MSVCRTD:error.obj
 0003:000012fc       ??_C@_0N@MHFFIMFG@?6Address?3?50x@ 0041e2fc     MSVCRTD:error.obj
 0003:00001310       ??_C@_0EI@CLEPFNGI@Stack?5area?5around?5_alloca?5memor@ 0041e310     MSVCRTD:error.obj
 0003:00001368       ??_C@_0BK@ODNDAGKB@?$CFs?$CFs?$CFp?$CFs?$CFzd?$CFs?$CFd?$CFs?$CFs?$CFs?$CFs?$CFs@ 0041e368     MSVCRTD:error.obj
 0003:00001388       ??_C@_0DE@OHJBPMBP@A?5variable?5is?5being?5used?5withou@ 0041e388     MSVCRTD:error.obj
 0003:000013ec       ??_C@_0BJ@HEGAHDFO@Stack?5pointer?5corruption@ 0041e3ec     MSVCRTD:userapi.obj
 0003:0000140c       ??_C@_0CK@FEGOIOPB@Cast?5to?5smaller?5type?5causing?5lo@ 0041e40c     MSVCRTD:userapi.obj
 0003:00001440       ??_C@_0BI@CIGMDCBH@Stack?5memory?5corruption@ 0041e440     MSVCRTD:userapi.obj
 0003:0000145c       ??_C@_0CK@CNLNOEPB@Local?5variable?5used?5before?5init@ 0041e45c     MSVCRTD:userapi.obj
 0003:00001490       ??_C@_0BP@OGBCLIBO@Stack?5around?5_alloca?5corrupted@ 0041e490     MSVCRTD:userapi.obj
 0003:000014bc       ??_7exception@std@@6B@     0041e4bc     MSVCRTD:throw_bad_alloc.obj
 0003:000014c8       ??_C@_0BC@EOODALEL@Unknown?5exception@ 0041e4c8     MSVCRTD:throw_bad_alloc.obj
 0003:000014e4       ??_7bad_alloc@std@@6B@     0041e4e4     MSVCRTD:throw_bad_alloc.obj
 0003:000014f0       ??_C@_0P@GHFPNOJB@bad?5allocation@ 0041e4f0     MSVCRTD:throw_bad_alloc.obj
 0003:00001508       ??_7bad_array_new_length@std@@6B@ 0041e508     MSVCRTD:throw_bad_alloc.obj
 0003:00001514       ??_C@_0BF@KINCDENJ@bad?5array?5new?5length@ 0041e514     MSVCRTD:throw_bad_alloc.obj
 0003:00001588       ??_C@_1EI@MLPKHBGE@?$AAa?$AAp?$AAi?$AA?9?$AAm?$AAs?$AA?9?$AAw?$AAi?$AAn?$AA?9?$AAc?$AAo?$AAr?$AAe@ 0041e588     MSVCRTD:pdblkup.obj
 0003:000015e0       ??_C@_1BK@JHLNAEJL@?$AAa?$AAd?$AAv?$AAa?$AAp?$AAi?$AA3?$AA2?$AA?4?$AAd?$AAl?$AAl@ 0041e5e0     MSVCRTD:pdblkup.obj
 0003:00001600       ??_C@_0O@COHOBMLB@RegOpenKeyExW@ 0041e600     MSVCRTD:pdblkup.obj
 0003:00001610       ??_C@_0BB@GLNAEDBD@RegQueryValueExW@ 0041e610     MSVCRTD:pdblkup.obj
 0003:00001624       ??_C@_0M@HLOHPNFA@RegCloseKey@ 0041e624     MSVCRTD:pdblkup.obj
 0003:00001638       ??_C@_1HE@EBEAGLFB@?$AAS?$AAO?$AAF?$AAT?$AAW?$AAA?$AAR?$AAE?$AA?2?$AAW?$AAo?$AAw?$AA6?$AA4?$AA3@ 0041e638     MSVCRTD:pdblkup.obj
 0003:000016c4       ??_C@_1BG@EABPBLLF@?$AAP?$AAr?$AAo?$AAd?$AAu?$AAc?$AAt?$AAD?$AAi?$AAr@ 0041e6c4     MSVCRTD:pdblkup.obj
 0003:00001704       ??_C@_1BC@JINFINNJ@?$AAM?$AAS?$AAP?$AAD?$AAB?$AA1?$AA4?$AA0@ 0041e704     MSVCRTD:pdblkup.obj
 0003:0000171c       ??_C@_0BB@KCIACLNC@PDBOpenValidate5@ 0041e71c     MSVCRTD:pdblkup.obj
 0003:00001730       ??_C@_01KDCPPGHE@r@        0041e730     MSVCRTD:pdblkup.obj
 0003:00001770       __load_config_used         0041e770     MSVCRTD:loadcfg.obj
 0003:000019c0       ___CastGuardVftablesStart  0041e9c0     MSVCRTD:guard_support.obj
 0003:00001ac4       ___CastGuardVftablesEnd    0041eac4     MSVCRTD:guard_support.obj
 0003:00001bc8       ??_R3_Ref_count_base@std@@8 0041ebc8     deleter.obj
 0003:00001bd8       ??_R2_Ref_count_base@std@@8 0041ebd8     deleter.obj
 0003:00001be0       ??_R1A@?0A@EA@_Ref_count_base@std@@8 0041ebe0     deleter.obj
 0003:00001bfc       ??_R4?$_Ref_count_resource@PAHUFree@@@std@@6B@ 0041ebfc     deleter.obj
 0003:00001c10       ??_R3?$_Ref_count_resource@PAHUFree@@@std@@8 0041ec10     deleter.obj
 0003:00001c20       ??_R2?$_Ref_count_resource@PAHUFree@@@std@@8 0041ec20     deleter.obj
 0003:00001c2c       ??_R1A@?0A@EA@?$_Ref_count_resource@PAHUFree@@@std@@8 0041ec2c     deleter.obj
 0003:00001c48       ??_R4?$_Ref_count_resource@PAHP6AXPAH@Z@std@@6B@ 0041ec48     deleter.obj
 0003:00001c5c       ??_R3?$_Ref_count_resource@PAHP6AXPAH@Z@std@@8 0041ec5c     deleter.obj
 0003:00001c6c       ??_R2?$_Ref_count_resource@PAHP6AXPAH@Z@std@@8 0041ec6c     deleter.obj
 0003:00001c78       ??_R1A@?0A@EA@?$_Ref_count_resource@PAHP6AXPAH@Z@std@@8 0041ec78     deleter.obj
 0003:00001cc0       ??_R4type_info@@6B@        0041ecc0     MSVCRTD:std_type_info_static.obj
 0003:00001cd8       ??_R3type_info@@8          0041ecd8     MSVCRTD:std_type_info_static.obj
 0003:00001cec       ??_R2type_info@@8          0041ecec     MSVCRTD:std_type_info_static.obj
 0003:00001cf4       ??_R1A@?0A@EA@type_info@@8 0041ecf4     MSVCRTD:std_type_info_static.obj
 0003:00001d18       ??_R4exception@std@@6B@    0041ed18     MSVCRTD:throw_bad_alloc.obj
 0003:00001d30       ??_R3exception@std@@8      0041ed30     MSVCRTD:throw_bad_alloc.obj
 0003:00001d44       ??_R2exception@std@@8      0041ed44     MSVCRTD:throw_bad_alloc.obj
 0003:00001d4c       ??_R1A@?0A@EA@exception@std@@8 0041ed4c     MSVCRTD:throw_bad_alloc.obj
 0003:00001d70       ??_R4bad_alloc@std@@6B@    0041ed70     MSVCRTD:throw_bad_alloc.obj
 0003:00001d88       ??_R3bad_alloc@std@@8      0041ed88     MSVCRTD:throw_bad_alloc.obj
 0003:00001d9c       ??_R2bad_alloc@std@@8      0041ed9c     MSVCRTD:throw_bad_alloc.obj
 0003:00001da8       ??_R1A@?0A@EA@bad_alloc@std@@8 0041eda8     MSVCRTD:throw_bad_alloc.obj
 0003:00001dcc       ??_R4bad_array_new_length@std@@6B@ 0041edcc     MSVCRTD:throw_bad_alloc.obj
 0003:00001de4       ??_R3bad_array_new_length@std@@8 0041ede4     MSVCRTD:throw_bad_alloc.obj
 0003:00001df8       ??_R2bad_array_new_length@std@@8 0041edf8     MSVCRTD:throw_bad_alloc.obj
 0003:00001e08       ??_R1A@?0A@EA@bad_array_new_length@std@@8 0041ee08     MSVCRTD:throw_bad_alloc.obj
 0003:000020c0       ___rtc_iaa                 0041f0c0     MSVCRTD:initsect.obj
 0003:000022d8       ___rtc_izz                 0041f2d8     MSVCRTD:initsect.obj
 0003:000023dc       ___rtc_taa                 0041f3dc     MSVCRTD:initsect.obj
 0003:000025f4       ___rtc_tzz                 0041f5f4     MSVCRTD:initsect.obj
 0003:00002a98       __TI2?AVbad_alloc@std@@    0041fa98     MSVCRTD:throw_bad_alloc.obj
 0003:00002aac       __CTA2?AVbad_alloc@std@@   0041faac     MSVCRTD:throw_bad_alloc.obj
 0003:00002abc       __CT??_R0?AVbad_alloc@std@@@8??0bad_alloc@std@@QAE@ABV01@@Z12 0041fabc     MSVCRTD:throw_bad_alloc.obj
 0003:00002adc       __CT??_R0?AVexception@std@@@8??0exception@std@@QAE@ABV01@@Z12 0041fadc     MSVCRTD:throw_bad_alloc.obj
 0003:00002afc       __TI3?AVbad_array_new_length@std@@ 0041fafc     MSVCRTD:throw_bad_alloc.obj
 0003:00002b10       __CTA3?AVbad_array_new_length@std@@ 0041fb10     MSVCRTD:throw_bad_alloc.obj
 0003:00002b24       __CT??_R0?AVbad_array_new_length@std@@@8??0bad_array_new_length@std@@QAE@ABV01@@Z12 0041fb24     MSVCRTD:throw_bad_alloc.obj
 0004:00000000       ___security_cookie_complement 00420000     MSVCRTD:gs_cookie.obj
 0004:00000004       ___security_cookie         00420004     MSVCRTD:gs_cookie.obj
 0004:0000000c       __fltused                  0042000c     MSVCRTD:fltused.obj
 0004:00000010       ?_RTC_ErrorLevels@@3PAHA   00420010     MSVCRTD:error.obj
 0004:00000028       ___scrt_native_dllmain_reason 00420028     MSVCRTD:utility.obj
 0004:0000002c       ___scrt_default_matherr    0042002c     MSVCRTD:matherr.obj
 0004:00000030       ___isa_enabled             00420030     MSVCRTD:cpu_disp.obj
 0004:00000034       ___scrt_ucrt_dll_is_in_use 00420034     MSVCRTD:ucrt_stubs.obj
 0004:00000140       ??_R0P6AXPAH@Z@8           00420140     deleter.obj
 0004:00000154       ??_R0?AUFree@@@8           00420154     deleter.obj
 0004:00000170       ??_R0?AVbad_alloc@std@@@8  00420170     MSVCRTD:throw_bad_alloc.obj
 0004:00000194       ??_R0?AVexception@std@@@8  00420194     MSVCRTD:throw_bad_alloc.obj
 0004:000001b8       ??_R0?AVbad_array_new_length@std@@@8 004201b8     MSVCRTD:throw_bad_alloc.obj
 0004:000002ec       ??_R0?AV_Ref_count_base@std@@@8 004202ec     deleter.obj
 0004:00000310       ??_R0?AV?$_Ref_count_resource@PAHUFree@@@std@@@8 00420310     deleter.obj
 0004:00000344       ??_R0?AV?$_Ref_count_resource@PAHP6AXPAH@Z@std@@@8 00420344     deleter.obj
 0004:00000394       ??_R0?AVtype_info@@@8      00420394     MSVCRTD:std_type_info_static.obj
 0004:000004b8       ?m_totalCount@Car@@0HA     004204b8     Car.obj
 0004:000004c0       ?_OptionsStorage@?1??__local_stdio_printf_options@@9@4_KA 004204c0     MSVCRTD:error.obj
 0004:00000898       ___scrt_current_native_startup_state 00420898     MSVCRTD:utility.obj
 0004:0000089c       ___scrt_native_startup_lock 0042089c     MSVCRTD:utility.obj
 0004:000008c8       ?__type_info_root_node@@3U__type_info_node@@A 004208c8     MSVCRTD:tncleanup.obj
 0004:000008d8       ?_OptionsStorage@?1??__local_stdio_scanf_options@@9@4_KA 004208d8     MSVCRTD:default_local_stdio_options.obj
 0004:000008e4       ___scrt_debugger_hook_flag 004208e4     MSVCRTD:utility_desktop.obj
 0004:000008e8       ___castguard_check_failure_os_handled_fptr 004208e8     MSVCRTD:guard_support.obj
 0004:000008f4       ___isa_available           004208f4     MSVCRTD:cpu_disp.obj
 0004:000008f8       ___favor                   004208f8     MSVCRTD:cpu_disp.obj
 0004:00000900       ___dyn_tls_dtor_callback   00420900     <common>
 0004:0000090c       ___dyn_tls_init_callback   0042090c     <common>
 0004:00000918       ___DebuggerCurrentSteppingThreadId 00420918     <common>
 0005:00000000       __imp__VirtualQuery@12     00421000     kernel32:KERNEL32.dll
 0005:00000004       __imp__IsDebuggerPresent@0 00421004     kernel32:KERNEL32.dll
 0005:00000008       __imp__RaiseException@16   00421008     kernel32:KERNEL32.dll
 0005:0000000c       __imp__MultiByteToWideChar@24 0042100c     kernel32:KERNEL32.dll
 0005:00000010       __imp__WideCharToMultiByte@32 00421010     kernel32:KERNEL32.dll
 0005:00000014       __imp__UnhandledExceptionFilter@4 00421014     kernel32:KERNEL32.dll
 0005:00000018       __imp__SetUnhandledExceptionFilter@4 00421018     kernel32:KERNEL32.dll
 0005:0000001c       __imp__GetCurrentProcess@0 0042101c     kernel32:KERNEL32.dll
 0005:00000020       __imp__TerminateProcess@8  00421020     kernel32:KERNEL32.dll
 0005:00000024       __imp__IsProcessorFeaturePresent@4 00421024     kernel32:KERNEL32.dll
 0005:00000028       __imp__QueryPerformanceCounter@4 00421028     kernel32:KERNEL32.dll
 0005:0000002c       __imp__GetCurrentProcessId@0 0042102c     kernel32:KERNEL32.dll
 0005:00000030       __imp__GetSystemTimeAsFileTime@4 00421030     kernel32:KERNEL32.dll
 0005:00000034       __imp__InitializeSListHead@4 00421034     kernel32:KERNEL32.dll
 0005:00000038       __imp__GetStartupInfoW@4   00421038     kernel32:KERNEL32.dll
 0005:0000003c       __imp__GetModuleHandleW@4  0042103c     kernel32:KERNEL32.dll
 0005:00000040       __imp__GetLastError@0      00421040     kernel32:KERNEL32.dll
 0005:00000044       __imp__HeapAlloc@12        00421044     kernel32:KERNEL32.dll
 0005:00000048       __imp__HeapFree@12         00421048     kernel32:KERNEL32.dll
 0005:0000004c       __imp__GetProcAddress@8    0042104c     kernel32:KERNEL32.dll
 0005:00000050       __imp__FreeLibrary@4       00421050     kernel32:KERNEL32.dll
 0005:00000054       __imp__GetCurrentThreadId@0 00421054     kernel32:KERNEL32.dll
 0005:00000058       __imp__GetProcessHeap@0    00421058     kernel32:KERNEL32.dll
 0005:0000005c       \177KERNEL32_NULL_THUNK_DATA 0042105c     kernel32:KERNEL32.dll
 0005:00000098       __imp_?flush@?$basic_ostream@DU?$char_traits@D@std@@@std@@QAEAAV12@XZ 00421098     msvcprtd:MSVCP140D.dll
 0005:0000009c       __imp_?put@?$basic_ostream@DU?$char_traits@D@std@@@std@@QAEAAV12@D@Z 0042109c     msvcprtd:MSVCP140D.dll
 0005:000000a0       __imp_??6?$basic_ostream@DU?$char_traits@D@std@@@std@@QAEAAV01@M@Z 004210a0     msvcprtd:MSVCP140D.dll
 0005:000000a4       __imp_??6?$basic_ostream@DU?$char_traits@D@std@@@std@@QAEAAV01@H@Z 004210a4     msvcprtd:MSVCP140D.dll
 0005:000000a8       __imp_??6?$basic_ostream@DU?$char_traits@D@std@@@std@@QAEAAV01@P6AAAV01@AAV01@@Z@Z 004210a8     msvcprtd:MSVCP140D.dll
 0005:000000ac       __imp_?_Osfx@?$basic_ostream@DU?$char_traits@D@std@@@std@@QAEXXZ 004210ac     msvcprtd:MSVCP140D.dll
 0005:000000b0       __imp_?widen@?$basic_ios@DU?$char_traits@D@std@@@std@@QBEDD@Z 004210b0     msvcprtd:MSVCP140D.dll
 0005:000000b4       __imp_?fill@?$basic_ios@DU?$char_traits@D@std@@@std@@QBEDXZ 004210b4     msvcprtd:MSVCP140D.dll
 0005:000000b8       __imp_?rdbuf@?$basic_ios@DU?$char_traits@D@std@@@std@@QBEPAV?$basic_streambuf@DU?$char_traits@D@std@@@2@XZ 004210b8     msvcprtd:MSVCP140D.dll
 0005:000000bc       __imp_?tie@?$basic_ios@DU?$char_traits@D@std@@@std@@QBEPAV?$basic_ostream@DU?$char_traits@D@std@@@2@XZ 004210bc     msvcprtd:MSVCP140D.dll
 0005:000000c0       __imp_?setstate@?$basic_ios@DU?$char_traits@D@std@@@std@@QAEXH_N@Z 004210c0     msvcprtd:MSVCP140D.dll
 0005:000000c4       __imp_?sputn@?$basic_streambuf@DU?$char_traits@D@std@@@std@@QAE_JPBD_J@Z 004210c4     msvcprtd:MSVCP140D.dll
 0005:000000c8       __imp_?sputc@?$basic_streambuf@DU?$char_traits@D@std@@@std@@QAEHD@Z 004210c8     msvcprtd:MSVCP140D.dll
 0005:000000cc       __imp_?width@ios_base@std@@QAE_J_J@Z 004210cc     msvcprtd:MSVCP140D.dll
 0005:000000d0       __imp_?width@ios_base@std@@QBE_JXZ 004210d0     msvcprtd:MSVCP140D.dll
 0005:000000d4       __imp_?flags@ios_base@std@@QBEHXZ 004210d4     msvcprtd:MSVCP140D.dll
 0005:000000d8       __imp_?good@ios_base@std@@QBE_NXZ 004210d8     msvcprtd:MSVCP140D.dll
 0005:000000dc       __imp_?cout@std@@3V?$basic_ostream@DU?$char_traits@D@std@@@1@A 004210dc     msvcprtd:MSVCP140D.dll
 0005:000000e0       __imp_?uncaught_exception@std@@YA_NXZ 004210e0     msvcprtd:MSVCP140D.dll
 0005:000000e4       \177MSVCP140D_NULL_THUNK_DATA 004210e4     msvcprtd:MSVCP140D.dll
 0005:0000011c       __imp__memset              0042111c     vcruntimed:VCRUNTIME140D.dll
 0005:00000120       __imp____std_exception_copy 00421120     vcruntimed:VCRUNTIME140D.dll
 0005:00000124       __imp____std_exception_destroy 00421124     vcruntimed:VCRUNTIME140D.dll
 0005:00000128       __imp___CxxThrowException@8 00421128     vcruntimed:VCRUNTIME140D.dll
 0005:0000012c       __imp____std_type_info_destroy_list 0042112c     vcruntimed:VCRUNTIME140D.dll
 0005:00000130       __imp____current_exception 00421130     vcruntimed:VCRUNTIME140D.dll
 0005:00000134       __imp____current_exception_context 00421134     vcruntimed:VCRUNTIME140D.dll
 0005:00000138       __imp___except_handler4_common 00421138     vcruntimed:VCRUNTIME140D.dll
 0005:0000013c       __imp____vcrt_GetModuleFileNameW 0042113c     vcruntimed:VCRUNTIME140D.dll
 0005:00000140       __imp____vcrt_GetModuleHandleW 00421140     vcruntimed:VCRUNTIME140D.dll
 0005:00000144       __imp____vcrt_LoadLibraryExW 00421144     vcruntimed:VCRUNTIME140D.dll
 0005:00000148       __imp____CxxFrameHandler3  00421148     vcruntimed:VCRUNTIME140D.dll
 0005:0000014c       __imp____std_type_info_compare 0042114c     vcruntimed:VCRUNTIME140D.dll
 0005:00000150       \177VCRUNTIME140D_NULL_THUNK_DATA 00421150     vcruntimed:VCRUNTIME140D.dll
 0005:00000184       __imp____p__commode        00421184     ucrtd:ucrtbased.dll
 0005:00000188       __imp__strcpy_s            00421188     ucrtd:ucrtbased.dll
 0005:0000018c       __imp__strcat_s            0042118c     ucrtd:ucrtbased.dll
 0005:00000190       __imp____stdio_common_vsprintf_s 00421190     ucrtd:ucrtbased.dll
 0005:00000194       __imp___free_dbg           00421194     ucrtd:ucrtbased.dll
 0005:00000198       __imp___seh_filter_dll     00421198     ucrtd:ucrtbased.dll
 0005:0000019c       __imp___initialize_onexit_table 0042119c     ucrtd:ucrtbased.dll
 0005:000001a0       __imp___register_onexit_function 004211a0     ucrtd:ucrtbased.dll
 0005:000001a4       __imp___execute_onexit_table 004211a4     ucrtd:ucrtbased.dll
 0005:000001a8       __imp___crt_atexit         004211a8     ucrtd:ucrtbased.dll
 0005:000001ac       __imp___crt_at_quick_exit  004211ac     ucrtd:ucrtbased.dll
 0005:000001b0       __imp___configthreadlocale 004211b0     ucrtd:ucrtbased.dll
 0005:000001b4       __imp__terminate           004211b4     ucrtd:ucrtbased.dll
 0005:000001b8       __imp___wmakepath_s        004211b8     ucrtd:ucrtbased.dll
 0005:000001bc       __imp___wsplitpath_s       004211bc     ucrtd:ucrtbased.dll
 0005:000001c0       __imp__wcscpy_s            004211c0     ucrtd:ucrtbased.dll
 0005:000001c4       __imp___register_thread_local_exe_atexit_callback 004211c4     ucrtd:ucrtbased.dll
 0005:000001c8       __imp___set_app_type       004211c8     ucrtd:ucrtbased.dll
 0005:000001cc       __imp___seh_filter_exe     004211cc     ucrtd:ucrtbased.dll
 0005:000001d0       __imp___callnewh           004211d0     ucrtd:ucrtbased.dll
 0005:000001d4       __imp___CrtDbgReportW      004211d4     ucrtd:ucrtbased.dll
 0005:000001d8       __imp___CrtDbgReport       004211d8     ucrtd:ucrtbased.dll
 0005:000001dc       __imp__malloc              004211dc     ucrtd:ucrtbased.dll
 0005:000001e0       __imp__free                004211e0     ucrtd:ucrtbased.dll
 0005:000001e4       __imp__strlen              004211e4     ucrtd:ucrtbased.dll
 0005:000001e8       __imp___set_new_mode       004211e8     ucrtd:ucrtbased.dll
 0005:000001ec       __imp___c_exit             004211ec     ucrtd:ucrtbased.dll
 0005:000001f0       __imp___cexit              004211f0     ucrtd:ucrtbased.dll
 0005:000001f4       __imp____p___argv          004211f4     ucrtd:ucrtbased.dll
 0005:000001f8       __imp____p___argc          004211f8     ucrtd:ucrtbased.dll
 0005:000001fc       __imp___set_fmode          004211fc     ucrtd:ucrtbased.dll
 0005:00000200       __imp____setusermatherr    00421200     ucrtd:ucrtbased.dll
 0005:00000204       __imp__exit                00421204     ucrtd:ucrtbased.dll
 0005:00000208       __imp___initterm_e         00421208     ucrtd:ucrtbased.dll
 0005:0000020c       __imp___initterm           0042120c     ucrtd:ucrtbased.dll
 0005:00000210       __imp___get_initial_narrow_environment 00421210     ucrtd:ucrtbased.dll
 0005:00000214       __imp___initialize_narrow_environment 00421214     ucrtd:ucrtbased.dll
 0005:00000218       __imp___controlfp_s        00421218     ucrtd:ucrtbased.dll
 0005:0000021c       __imp___configure_narrow_argv 0042121c     ucrtd:ucrtbased.dll
 0005:00000220       __imp___exit               00421220     ucrtd:ucrtbased.dll
 0005:00000224       \177ucrtbased_NULL_THUNK_DATA 00421224     ucrtd:ucrtbased.dll
 0005:00000270       __IMPORT_DESCRIPTOR_MSVCP140D 00421270     msvcprtd:MSVCP140D.dll
 0005:00000284       __IMPORT_DESCRIPTOR_VCRUNTIME140D 00421284     vcruntimed:VCRUNTIME140D.dll
 0005:00000298       __IMPORT_DESCRIPTOR_ucrtbased 00421298     ucrtd:ucrtbased.dll
 0005:000002ac       __IMPORT_DESCRIPTOR_KERNEL32 004212ac     kernel32:KERNEL32.dll
 0005:000002c0       __NULL_IMPORT_DESCRIPTOR   004212c0     msvcprtd:MSVCP140D.dll
 0007:00000000       ___guard_check_icall_fptr  00424000     MSVCRTD:guard_support.obj
 0007:00000004       ___guard_xfg_check_icall_fptr 00424004     MSVCRTD:guard_support.obj

 entry point at        0002:00000032

 Static symbols

 0000:fffdc000       _volmd                     00400000     Car.obj
 0000:fffdc000       _volmd                     00400000     Car.obj
 0000:fffdc000       _volmd                     00400000     Car.obj
 0000:fffdc000       _volmd                     00400000     Car.obj
 0000:fffdc000       _volmd                     00400000     Car.obj
 0000:fffdc000       _volmd                     00400000     Car.obj
 0000:fffdc000       _volmd                     00400000     Car.obj
 0000:fffdc000       _volmd                     00400000     Car.obj
 0003:fffe3000       __catchsym$??$?6U?$char_traits@D@std@@@std@@YAAAV?$basic_ostream@DU?$char_traits@D@std@@@0@AAV10@PBD@Z$3 00400000     Integer.obj
 0003:fffe3000       __ehfuncinfo$??1_Sentry_base@?$basic_ostream@DU?$char_traits@D@std@@@std@@QAE@XZ 00400000     Integer.obj
 0003:fffe3000       __ehfuncinfo$??1sentry@?$basic_ostream@DU?$char_traits@D@std@@@std@@QAE@XZ 00400000     Integer.obj
 0002:fffef000       __ehhandler$??1_Sentry_base@?$basic_ostream@DU?$char_traits@D@std@@@std@@QAE@XZ 00400000 f   Integer.obj
 0002:fffef000       __ehhandler$??1sentry@?$basic_ostream@DU?$char_traits@D@std@@@std@@QAE@XZ 00400000 f   Integer.obj
 0002:fffef000       __unwindfunclet$??$?6U?$char_traits@D@std@@@std@@YAAAV?$basic_ostream@DU?$char_traits@D@std@@@0@AAV10@PBD@Z$2 00400000 f   Integer.obj
 0002:fffef000       __unwindfunclet$??0sentry@?$basic_ostream@DU?$char_traits@D@std@@@std@@QAE@AAV12@@Z$0 00400000 f   Integer.obj
 0003:fffe3000       __unwindtable$??0sentry@?$basic_ostream@DU?$char_traits@D@std@@@std@@QAE@AAV12@@Z 00400000     Integer.obj
 0000:fffdc000       _volmd                     00400000     Integer.obj
 0000:fffdc000       _volmd                     00400000     Integer.obj
 0000:fffdc000       _volmd                     00400000     Integer.obj
 0000:fffdc000       _volmd                     00400000     Integer.obj
 0000:fffdc000       _volmd                     00400000     Integer.obj
 0000:fffdc000       _volmd                     00400000     Integer.obj
 0000:fffdc000       _volmd                     00400000     Integer.obj
 0000:fffdc000       _volmd                     00400000     Integer.obj
 0003:fffe3000       __catchsym$??$?6U?$char_traits@D@std@@@std@@YAAAV?$basic_ostream@DU?$char_traits@D@std@@@0@AAV10@PBD@Z$3 00400000     deleter.obj
 0003:fffe3000       __ehfuncinfo$??1_Sentry_base@?$basic_ostream@DU?$char_traits@D@std@@@std@@QAE@XZ 00400000     deleter.obj
 0003:fffe3000       __ehfuncinfo$??1sentry@?$basic_ostream@DU?$char_traits@D@std@@@std@@QAE@XZ 00400000     deleter.obj
 0002:fffef000       __ehhandler$??1_Sentry_base@?$basic_ostream@DU?$char_traits@D@std@@@std@@QAE@XZ 00400000 f   deleter.obj
 0002:fffef000       __ehhandler$??1sentry@?$basic_ostream@DU?$char_traits@D@std@@@std@@QAE@XZ 00400000 f   deleter.obj
 0002:fffef000       __unwindfunclet$??$?6U?$char_traits@D@std@@@std@@YAAAV?$basic_ostream@DU?$char_traits@D@std@@@0@AAV10@PBD@Z$2 00400000 f   deleter.obj
 0002:fffef000       __unwindfunclet$??0sentry@?$basic_ostream@DU?$char_traits@D@std@@@std@@QAE@AAV12@@Z$0 00400000 f   deleter.obj
 0003:fffe3000       __unwindtable$??0sentry@?$basic_ostream@DU?$char_traits@D@std@@@std@@QAE@AAV12@@Z 00400000     deleter.obj
 0000:fffdc000       _volmd                     00400000     deleter.obj
 0000:fffdc000       _volmd                     00400000     deleter.obj
 0000:fffdc000       _volmd                     00400000     deleter.obj
 0000:fffdc000       _volmd                     00400000     deleter.obj
 0000:fffdc000       _volmd                     00400000     deleter.obj
 0000:fffdc000       _volmd                     00400000     deleter.obj
 0000:fffdc000       _volmd                     00400000     deleter.obj
 0000:fffdc000       _volmd                     00400000     deleter.obj
 0000:fffdc000       _volmd                     00400000     deleter.obj
 0000:fffdc000       _volmd                     00400000     deleter.obj
 0000:fffdc000       _volmd                     00400000     deleter.obj
 0000:fffdc000       _volmd                     00400000     deleter.obj
 0000:fffdc000       _volmd                     00400000     deleter.obj
 0000:fffdc000       _volmd                     00400000     deleter.obj
 0000:fffdc000       _volmd                     00400000     deleter.obj
 0000:fffdc000       _volmd                     00400000     deleter.obj
 0000:fffdc000       _volmd                     00400000     deleter.obj
 0000:fffdc000       _volmd                     00400000     deleter.obj
 0000:fffdd000       __guard_fids___except_handler4 00400000     MSVCRTD:chandler4gs.obj
 0000:fffdd000       __guard_fids_?pre_c_initialization@@YAHXZ 00400000     MSVCRTD:exe_main.obj
 0000:fffdd000       __guard_fids__             00400000     MSVCRTD:exe_main.obj
 0000:fffdd000       __guard_fids__             00400000     MSVCRTD:guard_support.obj
 0000:fffdd000       __guard_fids__             00400000     MSVCRTD:guard_support.obj
 0000:fffdd000       __guard_fids___guard_icall_checks_enforced 00400000     MSVCRTD:guard_support.obj
 0000:fffdd000       __guard_fids___CRT_RTC_INIT 00400000     MSVCRTD:init.obj
 0000:fffdd000       __guard_fids___CRT_RTC_INITW 00400000     MSVCRTD:init.obj
 0000:fffdd000       __guard_fids__             00400000     MSVCRTD:std_type_info_static.obj
 0000:fffdd000       __guard_fids__             00400000     MSVCRTD:throw_bad_alloc.obj
 0000:fffdd000       __guard_fids__             00400000     MSVCRTD:throw_bad_alloc.obj
 0000:fffdd000       __guard_fids__             00400000     MSVCRTD:throw_bad_alloc.obj
 0000:fffdd000       __guard_fids__             00400000     MSVCRTD:throw_bad_alloc.obj
 0000:fffdd000       __guard_fids__             00400000     MSVCRTD:throw_bad_alloc.obj
 0000:fffdd000       __guard_fids__             00400000     MSVCRTD:throw_bad_alloc.obj
 0000:fffdd000       __guard_fids__             00400000     MSVCRTD:throw_bad_alloc.obj
 0000:fffdd000       __guard_fids__             00400000     MSVCRTD:throw_bad_alloc.obj
 0000:fffdd000       __guard_fids____scrt_set_unhandled_exception_filter 00400000     MSVCRTD:utility_desktop.obj
 0000:fffd9000       .debug$S                   00400000     msvcprtd:MSVCP140D.dll
 0000:fffd9000       .debug$S                   00400000     msvcprtd:MSVCP140D.dll
 0000:fffd9000       .debug$S                   00400000     msvcprtd:MSVCP140D.dll
 0000:fffd9000       .debug$S                   00400000     msvcprtd:MSVCP140D.dll
 0000:fffd9000       .debug$S                   00400000     msvcprtd:MSVCP140D.dll
 0000:fffd9000       .debug$S                   00400000     msvcprtd:MSVCP140D.dll
 0000:fffd9000       .debug$S                   00400000     msvcprtd:MSVCP140D.dll
 0000:fffd9000       .debug$S                   00400000     msvcprtd:MSVCP140D.dll
 0000:fffd9000       .debug$S                   00400000     msvcprtd:MSVCP140D.dll
 0000:fffd9000       .debug$S                   00400000     msvcprtd:MSVCP140D.dll
 0000:fffd9000       .debug$S                   00400000     msvcprtd:MSVCP140D.dll
 0000:fffd9000       .debug$S                   00400000     msvcprtd:MSVCP140D.dll
 0000:fffd9000       .debug$S                   00400000     msvcprtd:MSVCP140D.dll
 0000:fffd9000       .debug$S                   00400000     msvcprtd:MSVCP140D.dll
 0000:fffd9000       .debug$S                   00400000     msvcprtd:MSVCP140D.dll
 0000:fffd9000       .debug$S                   00400000     msvcprtd:MSVCP140D.dll
 0000:fffd9000       .debug$S                   00400000     msvcprtd:MSVCP140D.dll
 0000:fffd9000       .debug$S                   00400000     msvcprtd:MSVCP140D.dll
 0000:fffd9000       .debug$S                   00400000     msvcprtd:MSVCP140D.dll
 0000:fffd9000       .debug$S                   00400000     vcruntimed:VCRUNTIME140D.dll
 0000:fffd9000       .debug$S                   00400000     vcruntimed:VCRUNTIME140D.dll
 0000:fffd9000       .debug$S                   00400000     vcruntimed:VCRUNTIME140D.dll
 0000:fffd9000       .debug$S                   00400000     vcruntimed:VCRUNTIME140D.dll
 0000:fffd9000       .debug$S                   00400000     vcruntimed:VCRUNTIME140D.dll
 0000:fffd9000       .debug$S                   00400000     vcruntimed:VCRUNTIME140D.dll
 0000:fffd9000       .debug$S                   00400000     vcruntimed:VCRUNTIME140D.dll
 0000:fffd9000       .debug$S                   00400000     vcruntimed:VCRUNTIME140D.dll
 0000:fffd9000       .debug$S                   00400000     vcruntimed:VCRUNTIME140D.dll
 0000:fffd9000       .debug$S                   00400000     vcruntimed:VCRUNTIME140D.dll
 0000:fffd9000       .debug$S                   00400000     vcruntimed:VCRUNTIME140D.dll
 0000:fffd9000       .debug$S                   00400000     vcruntimed:VCRUNTIME140D.dll
 0000:fffd9000       .debug$S                   00400000     vcruntimed:VCRUNTIME140D.dll
 0000:fffd9000       .debug$S                   00400000     ucrtd:ucrtbased.dll
 0000:fffd9000       .debug$S                   00400000     ucrtd:ucrtbased.dll
 0000:fffd9000       .debug$S                   00400000     ucrtd:ucrtbased.dll
 0000:fffd9000       .debug$S                   00400000     ucrtd:ucrtbased.dll
 0000:fffd9000       .debug$S                   00400000     ucrtd:ucrtbased.dll
 0000:fffd9000       .debug$S                   00400000     ucrtd:ucrtbased.dll
 0000:fffd9000       .debug$S                   00400000     ucrtd:ucrtbased.dll
 0000:fffd9000       .debug$S                   00400000     ucrtd:ucrtbased.dll
 0000:fffd9000       .debug$S                   00400000     ucrtd:ucrtbased.dll
 0000:fffd9000       .debug$S                   00400000     ucrtd:ucrtbased.dll
 0000:fffd9000       .debug$S                   00400000     ucrtd:ucrtbased.dll
 0000:fffd9000       .debug$S                   00400000     ucrtd:ucrtbased.dll
 0000:fffd9000       .debug$S                   00400000     ucrtd:ucrtbased.dll
 0000:fffd9000       .debug$S                   00400000     ucrtd:ucrtbased.dll
 0000:fffd9000       .debug$S                   00400000     ucrtd:ucrtbased.dll
 0000:fffd9000       .debug$S                   00400000     ucrtd:ucrtbased.dll
 0000:fffd9000       .debug$S                   00400000     ucrtd:ucrtbased.dll
 0000:fffd9000       .debug$S                   00400000     ucrtd:ucrtbased.dll
 0000:fffd9000       .debug$S                   00400000     ucrtd:ucrtbased.dll
 0000:fffd9000       .debug$S                   00400000     ucrtd:ucrtbased.dll
 0000:fffd9000       .debug$S                   00400000     ucrtd:ucrtbased.dll
 0000:fffd9000       .debug$S                   00400000     ucrtd:ucrtbased.dll
 0000:fffd9000       .debug$S                   00400000     ucrtd:ucrtbased.dll
 0000:fffd9000       .debug$S                   00400000     ucrtd:ucrtbased.dll
 0000:fffd9000       .debug$S                   00400000     ucrtd:ucrtbased.dll
 0000:fffd9000       .debug$S                   00400000     ucrtd:ucrtbased.dll
 0000:fffd9000       .debug$S                   00400000     ucrtd:ucrtbased.dll
 0000:fffd9000       .debug$S                   00400000     ucrtd:ucrtbased.dll
 0000:fffd9000       .debug$S                   00400000     ucrtd:ucrtbased.dll
 0000:fffd9000       .debug$S                   00400000     ucrtd:ucrtbased.dll
 0000:fffd9000       .debug$S                   00400000     ucrtd:ucrtbased.dll
 0000:fffd9000       .debug$S                   00400000     ucrtd:ucrtbased.dll
 0000:fffd9000       .debug$S                   00400000     ucrtd:ucrtbased.dll
 0000:fffd9000       .debug$S                   00400000     ucrtd:ucrtbased.dll
 0000:fffd9000       .debug$S                   00400000     ucrtd:ucrtbased.dll
 0000:fffd9000       .debug$S                   00400000     ucrtd:ucrtbased.dll
 0000:fffd9000       .debug$S                   00400000     ucrtd:ucrtbased.dll
 0000:fffd9000       .debug$S                   00400000     ucrtd:ucrtbased.dll
 0000:fffd9000       .debug$S                   00400000     ucrtd:ucrtbased.dll
 0000:fffd9000       .debug$S                   00400000     ucrtd:ucrtbased.dll
 0000:fffd9000       .debug$S                   00400000     kernel32:KERNEL32.dll
 0000:fffd9000       .debug$S                   00400000     kernel32:KERNEL32.dll
 0000:fffd9000       .debug$S                   00400000     kernel32:KERNEL32.dll
 0000:fffd9000       .debug$S                   00400000     kernel32:KERNEL32.dll
 0000:fffd9000       .debug$S                   00400000     kernel32:KERNEL32.dll
 0000:fffd9000       .debug$S                   00400000     kernel32:KERNEL32.dll
 0000:fffd9000       .debug$S                   00400000     kernel32:KERNEL32.dll
 0000:fffd9000       .debug$S                   00400000     kernel32:KERNEL32.dll
 0000:fffd9000       .debug$S                   00400000     kernel32:KERNEL32.dll
 0000:fffd9000       .debug$S                   00400000     kernel32:KERNEL32.dll
 0000:fffd9000       .debug$S                   00400000     kernel32:KERNEL32.dll
 0000:fffd9000       .debug$S                   00400000     kernel32:KERNEL32.dll
 0000:fffd9000       .debug$S                   00400000     kernel32:KERNEL32.dll
 0000:fffd9000       .debug$S                   00400000     kernel32:KERNEL32.dll
 0000:fffd9000       .debug$S                   00400000     kernel32:KERNEL32.dll
 0000:fffd9000       .debug$S                   00400000     kernel32:KERNEL32.dll
 0000:fffd9000       .debug$S                   00400000     kernel32:KERNEL32.dll
 0000:fffd9000       .debug$S                   00400000     kernel32:KERNEL32.dll
 0000:fffd9000       .debug$S                   00400000     kernel32:KERNEL32.dll
 0000:fffd9000       .debug$S                   00400000     kernel32:KERNEL32.dll
 0000:fffd9000       .debug$S                   00400000     kernel32:KERNEL32.dll
 0000:fffd9000       .debug$S                   00400000     kernel32:KERNEL32.dll
 0000:fffd9000       .debug$S                   00400000     kernel32:KERNEL32.dll
 0000:fffdd004       __guard_fids__             00400004     MSVCRTD:exe_main.obj
 0003:fffe3008       __ehfuncinfo$??0sentry@?$basic_ostream@DU?$char_traits@D@std@@@std@@QAE@AAV12@@Z 00400008     Integer.obj
 0003:fffe3008       __ehfuncinfo$??0sentry@?$basic_ostream@DU?$char_traits@D@std@@@std@@QAE@AAV12@@Z 00400008     deleter.obj
 0000:fffdd008       __guard_fids__             00400008     MSVCRTD:exe_main.obj
 0002:fffef00d       __ehhandler$??$?6U?$char_traits@D@std@@@std@@YAAAV?$basic_ostream@DU?$char_traits@D@std@@@0@AAV10@PBD@Z 0040000d f   Integer.obj
 0002:fffef00d       __ehhandler$??0sentry@?$basic_ostream@DU?$char_traits@D@std@@@std@@QAE@AAV12@@Z 0040000d f   Integer.obj
 0002:fffef00d       __ehhandler$??$?6U?$char_traits@D@std@@@std@@YAAAV?$basic_ostream@DU?$char_traits@D@std@@@0@AAV10@PBD@Z 0040000d f   deleter.obj
 0002:fffef00d       __ehhandler$??0sentry@?$basic_ostream@DU?$char_traits@D@std@@@std@@QAE@AAV12@@Z 0040000d f   deleter.obj
 0003:fffe3010       __tryblocktable$??$?6U?$char_traits@D@std@@@std@@YAAAV?$basic_ostream@DU?$char_traits@D@std@@@0@AAV10@PBD@Z 00400010     Integer.obj
 0003:fffe3010       __tryblocktable$??$?6U?$char_traits@D@std@@@std@@YAAAV?$basic_ostream@DU?$char_traits@D@std@@@0@AAV10@PBD@Z 00400010     deleter.obj
 0003:fffe3024       __unwindtable$??$?6U?$char_traits@D@std@@@std@@YAAAV?$basic_ostream@DU?$char_traits@D@std@@@0@AAV10@PBD@Z 00400024     Integer.obj
 0003:fffe3024       __unwindtable$??$?6U?$char_traits@D@std@@@std@@YAAAV?$basic_ostream@DU?$char_traits@D@std@@@0@AAV10@PBD@Z 00400024     deleter.obj
 0003:fffe303c       __ehfuncinfo$??$?6U?$char_traits@D@std@@@std@@YAAAV?$basic_ostream@DU?$char_traits@D@std@@@0@AAV10@PBD@Z 0040003c     Integer.obj
 0003:fffe303c       __ehfuncinfo$??$?6U?$char_traits@D@std@@@std@@YAAAV?$basic_ostream@DU?$char_traits@D@std@@@0@AAV10@PBD@Z 0040003c     deleter.obj
 0002:fffef3e4       __catch$??$?6U?$char_traits@D@std@@@std@@YAAAV?$basic_ostream@DU?$char_traits@D@std@@@0@AAV10@PBD@Z$0 004003e4 f   Integer.obj
 0002:fffef3e4       __catch$??$?6U?$char_traits@D@std@@@std@@YAAAV?$basic_ostream@DU?$char_traits@D@std@@@0@AAV10@PBD@Z$0 004003e4 f   deleter.obj
 0002:fffef494       $LN32                      00400494     Integer.obj
 0002:fffef494       $LN32                      00400494     deleter.obj
 0002:fffef49c       $LN31                      0040049c     Integer.obj
 0002:fffef49c       $LN31                      0040049c     deleter.obj
 0002:fffef4a8       $LN29                      004004a8     Integer.obj
 0002:fffef4a8       $LN29                      004004a8     deleter.obj
 0002:000010f4       __catch$??$?6U?$char_traits@D@std@@@std@@YAAAV?$basic_ostream@DU?$char_traits@D@std@@@0@AAV10@PBD@Z$0 004120f4 f i Car.obj
 0002:000011a4       $LN32                      004121a4     Car.obj
 0002:000011ac       $LN31                      004121ac     Car.obj
 0002:000011b8       $LN29                      004121b8     Car.obj
 0002:000028a0       $LN10                      004138a0     deleter.obj
 0002:000028a8       $LN9                       004138a8     deleter.obj
 0002:000028b4       $LN7                       004138b4     deleter.obj
 0002:00002c94       $LN10                      00413c94     deleter.obj
 0002:00002c9c       $LN9                       00413c9c     deleter.obj
 0002:00002ca8       $LN7                       00413ca8     deleter.obj
 0002:000030cc       $LN9                       004140cc     deleter.obj
 0002:000030d4       $LN8                       004140d4     deleter.obj
 0002:000030ec       $LN6                       004140ec     deleter.obj
 0002:000030f0       $LN5                       004140f0     deleter.obj
 0002:000031e8       $LN8                       004141e8     deleter.obj
 0002:000031f0       $LN7                       004141f0     deleter.obj
 0002:00003208       $LN6                       00414208     deleter.obj
 0002:0000320c       $LN5                       0041420c     deleter.obj
 0002:000048cc       $LN8                       004158cc     Integer.obj
 0002:000048d4       $LN7                       004158d4     Integer.obj
 0002:000048e0       $LN6                       004158e0     Integer.obj
 0002:00005010       ?pre_c_initialization@@YAHXZ 00416010 f   MSVCRTD:exe_main.obj
 0002:000050f0       ?post_pgo_initialization@@YAHXZ 004160f0 f   MSVCRTD:exe_main.obj
 0002:00005100       ?pre_cpp_initialization@@YAXXZ 00416100 f   MSVCRTD:exe_main.obj
 0002:00005120       ?__scrt_common_main@@YAHXZ 00416120 f   MSVCRTD:exe_main.obj
 0002:00005140       ?__scrt_common_main_seh@@YAHXZ 00416140 f   MSVCRTD:exe_main.obj
 0002:00005410       ?invoke_main@@YAHXZ        00416410 f   MSVCRTD:exe_main.obj
 0002:000054d0       ?DebuggerProbe@@YA_NK@Z    004164d0 f   MSVCRTD:error.obj
 0002:00005520       ?DebuggerRuntime@@YA_NKHPAXPB_W@Z 00416520 f   MSVCRTD:error.obj
 0002:000057f0       ?_getMemBlockDataString@@YAXPAD0PBDI@Z 004167f0 f   MSVCRTD:error.obj
 0002:00005880       ?_strlen_priv@@YAIPBD@Z    00416880 f   MSVCRTD:error.obj
 0002:000058a0       ?failwithmessage@@YAXPAXHHPBD@Z 004168a0 f   MSVCRTD:error.obj
 0002:00005b20       ?notify_debugger@@YAXABUtagEXCEPTION_VISUALCPP_DEBUG_INFO@@@Z 00416b20 f   MSVCRTD:error.obj
 0002:00006590       ?find_pe_section@@YAPAU_IMAGE_SECTION_HEADER@@QAEI@Z 00417590 f   MSVCRTD:utility.obj
 0002:00006640       ?is_potentially_valid_image_base@@YA_NQAX@Z 00417640 f   MSVCRTD:utility.obj
 0002:00006d50       ___get_entropy             00417d50 f   MSVCRTD:gs_support.obj
 0002:000075a0       ___castguard_compat_check  004185a0 f   MSVCRTD:guard_support.obj
 0002:00007700       ___castguard_slow_path_compat_check 00418700 f   MSVCRTD:guard_support.obj
 0002:00007790       ?GetPdbDll@@YAPAUHINSTANCE__@@XZ 00418790 f   MSVCRTD:pdblkup.obj
 0002:00007920       ?GetPdbDllFromInstallPath@@YAPAUHINSTANCE__@@XZ 00418920 f   MSVCRTD:pdblkup.obj
 0002:00007c10       ?GetPdbDllPathFromFilePath@@YAHPB_WPA_WI@Z 00418c10 f   MSVCRTD:pdblkup.obj
 0002:0000a010       __unwindfunclet$??$?6U?$char_traits@D@std@@@std@@YAAAV?$basic_ostream@DU?$char_traits@D@std@@@0@AAV10@PBD@Z$2 0041b010 f   Car.obj
 0002:0000a01d       __ehhandler$??$?6U?$char_traits@D@std@@@std@@YAAAV?$basic_ostream@DU?$char_traits@D@std@@@0@AAV10@PBD@Z 0041b01d f   Car.obj
 0002:0000a060       __unwindfunclet$??0Car@@QAE@M@Z$0 0041b060 f   Car.obj
 0002:0000a06d       __ehhandler$??0Car@@QAE@M@Z 0041b06d f   Car.obj
 0002:0000a0a0       __unwindfunclet$??0Car@@QAE@XZ$0 0041b0a0 f   Car.obj
 0002:0000a0ad       __ehhandler$??0Car@@QAE@XZ 0041b0ad f   Car.obj
 0002:0000a0e0       __unwindfunclet$??0sentry@?$basic_ostream@DU?$char_traits@D@std@@@std@@QAE@AAV12@@Z$0 0041b0e0 f   Car.obj
 0002:0000a0ed       __ehhandler$??0sentry@?$basic_ostream@DU?$char_traits@D@std@@@std@@QAE@AAV12@@Z 0041b0ed f   Car.obj
 0002:0000a120       __ehhandler$??1Car@@QAE@XZ 0041b120 f   Car.obj
 0002:0000a150       __ehhandler$??1_Sentry_base@?$basic_ostream@DU?$char_traits@D@std@@@std@@QAE@XZ 0041b150 f   Car.obj
 0002:0000a180       __ehhandler$??1sentry@?$basic_ostream@DU?$char_traits@D@std@@@std@@QAE@XZ 0041b180 f   Car.obj
 0002:0000a1b0       __unwindfunclet$??$_Setpd@PAHP6AXPAH@Z@?$shared_ptr@H@std@@AAEXQAHP6AXPAH@Z@Z$0 0041b1b0 f   deleter.obj
 0002:0000a1b8       __unwindfunclet$??$_Setpd@PAHP6AXPAH@Z@?$shared_ptr@H@std@@AAEXQAHP6AXPAH@Z@Z$1 0041b1b8 f   deleter.obj
 0002:0000a1cf       __ehhandler$??$_Setpd@PAHP6AXPAH@Z@?$shared_ptr@H@std@@AAEXQAHP6AXPAH@Z@Z 0041b1cf f   deleter.obj
 0002:0000a210       __unwindfunclet$??$_Setpd@PAHUFree@@@?$shared_ptr@H@std@@AAEXQAHUFree@@@Z$0 0041b210 f   deleter.obj
 0002:0000a218       __unwindfunclet$??$_Setpd@PAHUFree@@@?$shared_ptr@H@std@@AAEXQAHUFree@@@Z$1 0041b218 f   deleter.obj
 0002:0000a22f       __ehhandler$??$_Setpd@PAHUFree@@@?$shared_ptr@H@std@@AAEXQAHUFree@@@Z 0041b22f f   deleter.obj
 0002:0000a260       __ehhandler$??1?$_Temporary_owner_del@PAHP6AXPAH@Z@std@@QAE@XZ 0041b260 f   deleter.obj
 0002:0000a280       __ehhandler$??1?$_Temporary_owner_del@PAHUFree@@@std@@QAE@XZ 0041b280 f   deleter.obj
 0002:0000a2a0       __ehhandler$??1?$unique_ptr@HP6AXPAH@Z@std@@QAE@XZ 0041b2a0 f   deleter.obj
 0002:0000a2c0       __ehhandler$??1?$unique_ptr@HUFree@@@std@@QAE@XZ 0041b2c0 f   deleter.obj
 0002:0000a2e0       __unwindfunclet$?SharedPointer@@YAXXZ$0 0041b2e0 f   deleter.obj
 0002:0000a2ed       __ehhandler$?SharedPointer@@YAXXZ 0041b2ed f   deleter.obj
 0002:0000a320       __ehhandler$?_Destroy@?$_Ref_count_resource@PAHP6AXPAH@Z@std@@EAEXXZ 0041b320 f   deleter.obj
 0002:0000a340       __ehhandler$?_Destroy@?$_Ref_count_resource@PAHUFree@@@std@@EAEXXZ 0041b340 f   deleter.obj
 0002:0000a3e0       __ehhandler$??0Integer@@QAE@$$QAV0@@Z 0041b3e0 f   Integer.obj
 0002:0000a410       __ehhandler$??1Integer@@QAE@XZ 0041b410 f   Integer.obj
 0003:00000104       ?pre_cpp_initializer@@3P6AXXZA 0041d104     MSVCRTD:exe_main.obj
 0003:00000410       ?pre_c_initializer@@3P6AHXZA 0041d410     MSVCRTD:exe_main.obj
 0003:00000514       ?post_pgo_initializer@@3P6AHXZA 0041d514     MSVCRTD:exe_main.obj
 0003:00000d08       ?_RTC_ErrorMessages@@3QBQBDB 0041dd08     MSVCRTD:error.obj
 0003:00000d20       ?_RTC_NoFalsePositives@@3QBHB 0041dd20     MSVCRTD:error.obj
 0003:00000d38       ?stack_premsg@@3QBDB       0041dd38     MSVCRTD:error.obj
 0003:00000d54       ?stack_postmsg@@3QBDB      0041dd54     MSVCRTD:error.obj
 0003:00000d68       ?uninit_premsg@@3QBDB      0041dd68     MSVCRTD:error.obj
 0003:00000d78       ?uninit_postmsg@@3QBDB     0041dd78     MSVCRTD:error.obj
 0003:000013c8       _GS_ExceptionPointers      0041e3c8     MSVCRTD:gs_report.obj
 0003:000013d4       ?_RTC_errlist@@3QBQBDB     0041e3d4     MSVCRTD:userapi.obj
 0003:00001530       ?mspdbName@@3QB_WB         0041e530     MSVCRTD:pdblkup.obj
 0003:00001554       ?debugCrtFileName@@3QB_WB  0041e554     MSVCRTD:pdblkup.obj
 0003:000016e0       ?dllExt@?1??GetPdbDllPathFromFilePath@@YAHPB_WPA_WI@Z@4QB_WB 0041e6e0     MSVCRTD:pdblkup.obj
 0003:000016ec       ?mspdbFilename@?1??GetPdbDllPathFromFilePath@@YAHPB_WPA_WI@Z@4QB_WB 0041e6ec     MSVCRTD:pdblkup.obj
 0003:000021c4       __RTC_InitBase.rtc$IMZ     0041f1c4     Car.obj
 0003:000021c8       __RTC_InitBase.rtc$IMZ     0041f1c8     deleter.obj
 0003:000021cc       __RTC_InitBase.rtc$IMZ     0041f1cc     func.obj
 0003:000021d0       __RTC_InitBase.rtc$IMZ     0041f1d0     Integer.obj
 0003:000024e0       __RTC_Shutdown.rtc$TMZ     0041f4e0     Car.obj
 0003:000024e4       __RTC_Shutdown.rtc$TMZ     0041f4e4     deleter.obj
 0003:000024e8       __RTC_Shutdown.rtc$TMZ     0041f4e8     func.obj
 0003:000024ec       __RTC_Shutdown.rtc$TMZ     0041f4ec     Integer.obj
 0003:000026f8       __unwindtable$??0Car@@QAE@XZ 0041f6f8     Car.obj
 0003:00002700       __ehfuncinfo$??0Car@@QAE@XZ 0041f700     Car.obj
 0003:00002728       __unwindtable$??0Car@@QAE@M@Z 0041f728     Car.obj
 0003:00002730       __ehfuncinfo$??0Car@@QAE@M@Z 0041f730     Car.obj
 0003:00002758       __ehfuncinfo$??1Car@@QAE@XZ 0041f758     Car.obj
 0003:00002780       __catchsym$??$?6U?$char_traits@D@std@@@std@@YAAAV?$basic_ostream@DU?$char_traits@D@std@@@0@AAV10@PBD@Z$3 0041f780     Car.obj
 0003:00002790       __tryblocktable$??$?6U?$char_traits@D@std@@@std@@YAAAV?$basic_ostream@DU?$char_traits@D@std@@@0@AAV10@PBD@Z 0041f790     Car.obj
 0003:000027a4       __unwindtable$??$?6U?$char_traits@D@std@@@std@@YAAAV?$basic_ostream@DU?$char_traits@D@std@@@0@AAV10@PBD@Z 0041f7a4     Car.obj
 0003:000027bc       __ehfuncinfo$??$?6U?$char_traits@D@std@@@std@@YAAAV?$basic_ostream@DU?$char_traits@D@std@@@0@AAV10@PBD@Z 0041f7bc     Car.obj
 0003:000027ec       __ehfuncinfo$??1_Sentry_base@?$basic_ostream@DU?$char_traits@D@std@@@std@@QAE@XZ 0041f7ec     Car.obj
 0003:00002814       __unwindtable$??0sentry@?$basic_ostream@DU?$char_traits@D@std@@@std@@QAE@AAV12@@Z 0041f814     Car.obj
 0003:0000281c       __ehfuncinfo$??0sentry@?$basic_ostream@DU?$char_traits@D@std@@@std@@QAE@AAV12@@Z 0041f81c     Car.obj
 0003:00002844       __ehfuncinfo$??1sentry@?$basic_ostream@DU?$char_traits@D@std@@@std@@QAE@XZ 0041f844     Car.obj
 0003:0000286c       __ehfuncinfo$??1?$unique_ptr@HUFree@@@std@@QAE@XZ 0041f86c     deleter.obj
 0003:00002894       __ehfuncinfo$??1?$unique_ptr@HP6AXPAH@Z@std@@QAE@XZ 0041f894     deleter.obj
 0003:000028b8       __unwindtable$?SharedPointer@@YAXXZ 0041f8b8     deleter.obj
 0003:000028c0       __ehfuncinfo$?SharedPointer@@YAXXZ 0041f8c0     deleter.obj
 0003:000028e4       __unwindtable$??$_Setpd@PAHUFree@@@?$shared_ptr@H@std@@AAEXQAHUFree@@@Z 0041f8e4     deleter.obj
 0003:000028f4       __ehfuncinfo$??$_Setpd@PAHUFree@@@?$shared_ptr@H@std@@AAEXQAHUFree@@@Z 0041f8f4     deleter.obj
 0003:00002918       __unwindtable$??$_Setpd@PAHP6AXPAH@Z@?$shared_ptr@H@std@@AAEXQAHP6AXPAH@Z@Z 0041f918     deleter.obj
 0003:00002928       __ehfuncinfo$??$_Setpd@PAHP6AXPAH@Z@?$shared_ptr@H@std@@AAEXQAHP6AXPAH@Z@Z 0041f928     deleter.obj
 0003:0000294c       __ehfuncinfo$??1?$_Temporary_owner_del@PAHUFree@@@std@@QAE@XZ 0041f94c     deleter.obj
 0003:00002970       __ehfuncinfo$?_Destroy@?$_Ref_count_resource@PAHUFree@@@std@@EAEXXZ 0041f970     deleter.obj
 0003:00002994       __ehfuncinfo$??1?$_Temporary_owner_del@PAHP6AXPAH@Z@std@@QAE@XZ 0041f994     deleter.obj
 0003:000029b8       __ehfuncinfo$?_Destroy@?$_Ref_count_resource@PAHP6AXPAH@Z@std@@EAEXXZ 0041f9b8     deleter.obj
 0003:00002a04       __ehfuncinfo$??0Integer@@QAE@$$QAV0@@Z 0041fa04     Integer.obj
 0003:00002a2c       __ehfuncinfo$??1Integer@@QAE@XZ 0041fa2c     Integer.obj
 0003:00002a58       __sehtable$?__scrt_common_main_seh@@YAHXZ 0041fa58     MSVCRTD:exe_main.obj
 0003:00002a78       __sehtable$?notify_debugger@@YAXABUtagEXCEPTION_VISUALCPP_DEBUG_INFO@@@Z 0041fa78     MSVCRTD:error.obj
 0003:00002b48       __sehtable$___scrt_is_nonwritable_in_current_image 0041fb48     MSVCRTD:utility.obj
 0004:000004bc       ?init@?1??_RTC_InitBase@@9@4_NA 004204bc     MSVCRTD:init.obj
 0004:000004d0       _GS_ExceptionRecord        004204d0     MSVCRTD:gs_report.obj
 0004:00000520       _GS_ContextRecord          00420520     MSVCRTD:gs_report.obj
 0004:0000088c       ?_RTC_ErrorReportFunc@@3P6AHHPBDH00ZZA 0042088c     MSVCRTD:userapi.obj
 0004:00000890       ?_RTC_ErrorReportFuncW@@3P6AHHPB_WH00ZZA 00420890     MSVCRTD:userapi.obj
 0004:000008a0       ?is_initialized_as_dll@@3_NA 004208a0     MSVCRTD:utility.obj
 0004:000008a1       ?module_local_atexit_table_initialized@@3_NA 004208a1     MSVCRTD:utility.obj
 0004:000008a4       ?module_local_atexit_table@@3U_onexit_table_t@@A 004208a4     MSVCRTD:utility.obj
 0004:000008b0       ?module_local_at_quick_exit_table@@3U_onexit_table_t@@A 004208b0     MSVCRTD:utility.obj
 0004:000008ec       ?mspdb@@3PAUHINSTANCE__@@A 004208ec     MSVCRTD:pdblkup.obj
 0004:000008f0       ?alreadyTried@?1??GetPdbDll@@YAPAUHINSTANCE__@@XZ@4_NA 004208f0     MSVCRTD:pdblkup.obj
 0004:000008f1       ?PDBOK@?1??_RTC_GetSrcLine@@YAHPAEPA_WKPAH1K@Z@4_NA 004208f1     MSVCRTD:pdblkup.obj
 0005:000009b6       .idata$6                   004219b6     msvcprtd:MSVCP140D.dll
 0005:00000b02       .idata$6                   00421b02     vcruntimed:VCRUNTIME140D.dll
 0005:00000dcc       .idata$6                   00421dcc     ucrtd:ucrtbased.dll
 0005:00000fb0       .idata$6                   00421fb0     kernel32:KERNEL32.dll
 0006:00000000       __37A25909_vcruntime_new@h 00423000     Car.obj
 0006:00000001       __741AE07E_corecrt_math@h  00423001     Car.obj
 0006:00000002       __B49664B7_stdlib@h        00423002     Car.obj
 0006:00000003       __61E7EE7E_cstdlib         00423003     Car.obj
 0006:00000004       __2555D848_cmath           00423004     Car.obj
 0006:00000005       __A2143F22_corecrt_stdio_config@h 00423005     Car.obj
 0006:00000006       __829E1958_corecrt_wstdio@h 00423006     Car.obj
 0006:00000007       __6DFAE8B8_stdio@h         00423007     Car.obj
 0006:00000008       __1FEB9909_corecrt_memcpy_s@h 00423008     Car.obj
 0006:00000009       __A751F051_corecrt_memory@h 00423009     Car.obj
 0006:0000000a       __9200769A_corecrt_wstring@h 0042300a     Car.obj
 0006:0000000b       __32E5F013_string@h        0042300b     Car.obj
 0006:0000000c       __C6E16F6F_corecrt_wconio@h 0042300c     Car.obj
 0006:0000000d       __6D390390_corecrt_wio@h   0042300d     Car.obj
 0006:0000000e       __1157D6BA_corecrt_wtime@h 0042300e     Car.obj
 0006:0000000f       __1DC1E279_stat@h          0042300f     Car.obj
 0006:00000010       __93DC0B45_wchar@h         00423010     Car.obj
 0006:00000011       __025FCB46_type_traits     00423011     Car.obj
 0006:00000012       __380C1B6C_xutility        00423012     Car.obj
 0006:00000013       __20BB4341_malloc@h        00423013     Car.obj
 0006:00000014       __9922F748_vcruntime_exception@h 00423014     Car.obj
 0006:00000015       __F202CFCE_exception       00423015     Car.obj
 0006:00000016       __0DA77A2F_limits          00423016     Car.obj
 0006:00000017       __3C7F0836_xmemory         00423017     Car.obj
 0006:00000018       __48AC8EAA_xstring         00423018     Car.obj
 0006:00000019       __7B4CF593_stdexcept       00423019     Car.obj
 0006:0000001a       __77E46A11_xcall_once@h    0042301a     Car.obj
 0006:0000001b       __A0B61CF9_time@h          0042301b     Car.obj
 0006:0000001c       __1804055E_xthreads@h      0042301c     Car.obj
 0006:0000001d       __669226ED_atomic          0042301d     Car.obj
 0006:0000001e       __C8B97831_system_error    0042301e     Car.obj
 0006:0000001f       __3FA95DB0_vcruntime_typeinfo@h 0042301f     Car.obj
 0006:00000020       __48D3E875_typeinfo        00423020     Car.obj
 0006:00000021       __B10976A1_memory          00423021     Car.obj
 0006:00000022       __9D4C21AE_xfacet          00423022     Car.obj
 0006:00000023       __B2D2BA86_ctype@h         00423023     Car.obj
 0006:00000024       __575A0BBD_xlocinfo        00423024     Car.obj
 0006:00000025       __9792FA9B_xlocale         00423025     Car.obj
 0006:00000026       __6EBF7CAE_xiosbase        00423026     Car.obj
 0006:00000027       __09159C8C_xlocnum         00423027     Car.obj
 0006:00000028       __73A18209_ios             00423028     Car.obj
 0006:00000029       __21E99DB5_Car@h           00423029     Car.obj
 0006:0000002a       __646373C6_Car@cpp         0042302a     Car.obj
 0006:0000002b       __E7521565_istream         0042302b     Car.obj
 0006:0000002c       __8482205F_ostream         0042302c     Car.obj
 0006:0000002d       __79EC4D2F_streambuf       0042302d     Car.obj
 0006:0000002e       __29A0AC2C_iterator        0042302e     Car.obj
 0006:0000002f       __C14EAFA9_iosfwd          0042302f     Car.obj
 0006:00000030       __56EA6BF5_utility         00423030     Car.obj
 0006:00000031       __A1F5FCE7_xstddef         00423031     Car.obj
 0006:00000032       __F80E4318_xatomic@h       00423032     Car.obj
 0006:0000003d       __37A25909_vcruntime_new@h 0042303d     deleter.obj
 0006:0000003e       __741AE07E_corecrt_math@h  0042303e     deleter.obj
 0006:0000003f       __B49664B7_stdlib@h        0042303f     deleter.obj
 0006:00000040       __61E7EE7E_cstdlib         00423040     deleter.obj
 0006:00000041       __2555D848_cmath           00423041     deleter.obj
 0006:00000042       __A2143F22_corecrt_stdio_config@h 00423042     deleter.obj
 0006:00000043       __829E1958_corecrt_wstdio@h 00423043     deleter.obj
 0006:00000044       __6DFAE8B8_stdio@h         00423044     deleter.obj
 0006:00000045       __1FEB9909_corecrt_memcpy_s@h 00423045     deleter.obj
 0006:00000046       __A751F051_corecrt_memory@h 00423046     deleter.obj
 0006:00000047       __9200769A_corecrt_wstring@h 00423047     deleter.obj
 0006:00000048       __32E5F013_string@h        00423048     deleter.obj
 0006:00000049       __C6E16F6F_corecrt_wconio@h 00423049     deleter.obj
 0006:0000004a       __6D390390_corecrt_wio@h   0042304a     deleter.obj
 0006:0000004b       __1157D6BA_corecrt_wtime@h 0042304b     deleter.obj
 0006:0000004c       __1DC1E279_stat@h          0042304c     deleter.obj
 0006:0000004d       __93DC0B45_wchar@h         0042304d     deleter.obj
 0006:0000004e       __025FCB46_type_traits     0042304e     deleter.obj
 0006:0000004f       __380C1B6C_xutility        0042304f     deleter.obj
 0006:00000050       __20BB4341_malloc@h        00423050     deleter.obj
 0006:00000051       __9922F748_vcruntime_exception@h 00423051     deleter.obj
 0006:00000052       __F202CFCE_exception       00423052     deleter.obj
 0006:00000053       __0DA77A2F_limits          00423053     deleter.obj
 0006:00000054       __3C7F0836_xmemory         00423054     deleter.obj
 0006:00000055       __48AC8EAA_xstring         00423055     deleter.obj
 0006:00000056       __7B4CF593_stdexcept       00423056     deleter.obj
 0006:00000057       __77E46A11_xcall_once@h    00423057     deleter.obj
 0006:00000058       __A0B61CF9_time@h          00423058     deleter.obj
 0006:00000059       __1804055E_xthreads@h      00423059     deleter.obj
 0006:0000005a       __669226ED_atomic          0042305a     deleter.obj
 0006:0000005b       __C8B97831_system_error    0042305b     deleter.obj
 0006:0000005c       __3FA95DB0_vcruntime_typeinfo@h 0042305c     deleter.obj
 0006:0000005d       __48D3E875_typeinfo        0042305d     deleter.obj
 0006:0000005e       __B10976A1_memory          0042305e     deleter.obj
 0006:0000005f       __9D4C21AE_xfacet          0042305f     deleter.obj
 0006:00000060       __B2D2BA86_ctype@h         00423060     deleter.obj
 0006:00000061       __575A0BBD_xlocinfo        00423061     deleter.obj
 0006:00000062       __9792FA9B_xlocale         00423062     deleter.obj
 0006:00000063       __6EBF7CAE_xiosbase        00423063     deleter.obj
 0006:00000064       __09159C8C_xlocnum         00423064     deleter.obj
 0006:00000065       __73A18209_ios             00423065     deleter.obj
 0006:00000066       __49C34036_deleter@cpp     00423066     deleter.obj
 0006:00000067       __E7521565_istream         00423067     deleter.obj
 0006:00000068       __8482205F_ostream         00423068     deleter.obj
 0006:00000069       __79EC4D2F_streambuf       00423069     deleter.obj
 0006:0000006a       __C14EAFA9_iosfwd          0042306a     deleter.obj
 0006:0000006b       __56EA6BF5_utility         0042306b     deleter.obj
 0006:0000006c       __29A0AC2C_iterator        0042306c     deleter.obj
 0006:0000006d       __A1F5FCE7_xstddef         0042306d     deleter.obj
 0006:0000006e       __F80E4318_xatomic@h       0042306e     deleter.obj
 0006:00000079       __A30862F4_func@cpp        00423079     func.obj
 0006:0000007a       __37A25909_vcruntime_new@h 0042307a     Integer.obj
 0006:0000007b       __741AE07E_corecrt_math@h  0042307b     Integer.obj
 0006:0000007c       __B49664B7_stdlib@h        0042307c     Integer.obj
 0006:0000007d       __61E7EE7E_cstdlib         0042307d     Integer.obj
 0006:0000007e       __2555D848_cmath           0042307e     Integer.obj
 0006:0000007f       __A2143F22_corecrt_stdio_config@h 0042307f     Integer.obj
 0006:00000080       __829E1958_corecrt_wstdio@h 00423080     Integer.obj
 0006:00000081       __6DFAE8B8_stdio@h         00423081     Integer.obj
 0006:00000082       __1FEB9909_corecrt_memcpy_s@h 00423082     Integer.obj
 0006:00000083       __A751F051_corecrt_memory@h 00423083     Integer.obj
 0006:00000084       __9200769A_corecrt_wstring@h 00423084     Integer.obj
 0006:00000085       __32E5F013_string@h        00423085     Integer.obj
 0006:00000086       __C6E16F6F_corecrt_wconio@h 00423086     Integer.obj
 0006:00000087       __6D390390_corecrt_wio@h   00423087     Integer.obj
 0006:00000088       __1157D6BA_corecrt_wtime@h 00423088     Integer.obj
 0006:00000089       __1DC1E279_stat@h          00423089     Integer.obj
 0006:0000008a       __93DC0B45_wchar@h         0042308a     Integer.obj
 0006:0000008b       __025FCB46_type_traits     0042308b     Integer.obj
 0006:0000008c       __380C1B6C_xutility        0042308c     Integer.obj
 0006:0000008d       __20BB4341_malloc@h        0042308d     Integer.obj
 0006:0000008e       __9922F748_vcruntime_exception@h 0042308e     Integer.obj
 0006:0000008f       __F202CFCE_exception       0042308f     Integer.obj
 0006:00000090       __0DA77A2F_limits          00423090     Integer.obj
 0006:00000091       __3C7F0836_xmemory         00423091     Integer.obj
 0006:00000092       __48AC8EAA_xstring         00423092     Integer.obj
 0006:00000093       __7B4CF593_stdexcept       00423093     Integer.obj
 0006:00000094       __77E46A11_xcall_once@h    00423094     Integer.obj
 0006:00000095       __A0B61CF9_time@h          00423095     Integer.obj
 0006:00000096       __1804055E_xthreads@h      00423096     Integer.obj
 0006:00000097       __669226ED_atomic          00423097     Integer.obj
 0006:00000098       __C8B97831_system_error    00423098     Integer.obj
 0006:00000099       __3FA95DB0_vcruntime_typeinfo@h 00423099     Integer.obj
 0006:0000009a       __48D3E875_typeinfo        0042309a     Integer.obj
 0006:0000009b       __B10976A1_memory          0042309b     Integer.obj
 0006:0000009c       __9D4C21AE_xfacet          0042309c     Integer.obj
 0006:0000009d       __B2D2BA86_ctype@h         0042309d     Integer.obj
 0006:0000009e       __575A0BBD_xlocinfo        0042309e     Integer.obj
 0006:0000009f       __9792FA9B_xlocale         0042309f     Integer.obj
 0006:000000a0       __6EBF7CAE_xiosbase        004230a0     Integer.obj
 0006:000000a1       __09159C8C_xlocnum         004230a1     Integer.obj
 0006:000000a2       __73A18209_ios             004230a2     Integer.obj
 0006:000000a3       __C74056CF_Integer@h       004230a3     Integer.obj
 0006:000000a4       __BD051F2B_Integer@cpp     004230a4     Integer.obj
 0006:000000a5       __E7521565_istream         004230a5     Integer.obj
 0006:000000a6       __8482205F_ostream         004230a6     Integer.obj
 0006:000000a7       __79EC4D2F_streambuf       004230a7     Integer.obj
 0006:000000a8       __29A0AC2C_iterator        004230a8     Integer.obj
 0006:000000a9       __C14EAFA9_iosfwd          004230a9     Integer.obj
 0006:000000aa       __56EA6BF5_utility         004230aa     Integer.obj
 0006:000000ab       __A1F5FCE7_xstddef         004230ab     Integer.obj
 0006:000000ac       __F80E4318_xatomic@h       004230ac     Integer.obj
 0008:00000170       $R000000                   00425170     * linker generated manifest res *
